# callgrind format
version: 1
creator: callgrind-3.28.0.GIT
pid: 10854
cmd:  profiling/20260705-220541-callgrind-countbits-local-vs-system/bench_system testcase.wav 64
part: 1


desc: I1 cache: 
desc: D1 cache: 
desc: LL cache: 

desc: Timerange: Basic block 0 - 532404962
desc: Trigger: Program termination

positions: line
events: Ir
summary: 4276440554


ob=(2) /usr/lib/libc.so.6
fl=(2) ???
fn=(4160) malloc
0 32
cfn=(4208) 0x00000000000b26e0
calls=5 0 
0 119
0 8

fn=(4016) (below main)
cfn=(4048) 0x0000000000026370
calls=1 0 
0 4276440554

fn=(10680) 0x00000000000b01f0
0 54
cfn=(10686) munmap
calls=2 0 
0 10

fn=(4442) 0x0000000000190240
0 1424938

fn=(4496) free
0 182
cfn=(4600) 0x00000000000b2290
calls=12 0 
0 1207
0 63
cfn=(10680)
calls=1 0 
0 32
0 2
cfn=(10680)
calls=1 0 
0 32
0 10

fn=(4600)
0 479
cfn=(4746) 0x00000000000b0930
calls=4 0 
0 63
0 190
cfn=(4746)
calls=1 0 
0 18
0 457

fn=(4208)
0 1538
cfn=(4746)
calls=2 0 
0 60
0 220
cfn=(4828) 0x00000000000b1900
calls=2 0 
0 221
0 94
cfn=(4264) __default_morecore
calls=2 0 
0 38
0 16

fn=(4746)
0 141

fn=(4776) 0x0000000000190c40
0 10377058

fn=(10584) 0x0000000000192f80
0 195

fn=(4264)
0 4
cfn=(4266) sbrk
calls=3 0 
0 30
0 4

fn=(4828)
0 32
cfn=(4832) mmap
calls=2 0 
0 44
0 28
cfn=(4842) 0x00000000001355d0
calls=2 0 
0 59
0 58

fn=(4048)
cob=(9) /home/me/projects/lame/profiling/20260705-220541-callgrind-countbits-local-vs-system/bench_system
cfi=(9) ???
cfn=(4062) main
calls=1 0 
0 4276440554

fn=(4832)
0 44

fn=(4842)
0 34
cob=(1) /usr/lib/ld-linux-x86-64.so.2
cfi=(1) ???
cfn=(218) __tunable_get_val
calls=1 0 
0 17
0 1
0 7

fn=(4268) brk
0 8

fn=(10686)
0 10

fn=(4266)
0 16
cfn=(4268)
calls=2 0 
0 8
0 6

fn=(4690) calloc
0 344
cfn=(4208)
calls=10 0 
0 2068
0 284
cfn=(4776)
calls=8 0 
0 56090
0 8

ob=(9)
fl=(9)
fn=(4062)
cfn=(4666) run_encode
calls=1 0 
0 4276440554

fn=(4014) (below main)
cob=(2)
cfi=(2)
cfn=(4016)
calls=1 0 
0 4276440554

fn=(4666)
0 13
cob=(1)
cfi=(1)
cfn=(4070) 0x0000000000016960
calls=1 0 
0 64941
0 5
0 6
cob=(1)
cfi=(1)
cfn=(4070)
calls=1 0 
0 697
0 5
0 6
cob=(1)
cfi=(1)
cfn=(4070)
calls=1 0 
0 700
0 5
0 5
cob=(1)
cfi=(1)
cfn=(4070)
calls=1 0 
0 652
0 5
0 5
cob=(1)
cfi=(1)
cfn=(4070)
calls=1 0 
0 668
0 5
0 5
cob=(1)
cfi=(1)
cfn=(4070)
calls=1 0 
0 640
0 5
0 5
cob=(1)
cfi=(1)
cfn=(4070)
calls=1 0 
0 696
0 5
0 5
cob=(1)
cfi=(1)
cfn=(4070)
calls=1 0 
0 788
0 5
0 2
cob=(1)
cfi=(1)
cfn=(4070)
calls=1 0 
0 3975340
0 5
0 4
cob=(2)
cfi=(2)
cfn=(4160)
calls=1 0 
0 159
0 1
0 36
cob=(1)
cfi=(1)
cfn=(4070)
calls=1 0 
0 20020
0 5
0 1323
cob=(8) /usr/lib/libmp3lame.so.0.0.0
cfi=(8) ???
cfn=(6364) lame_encode_buffer_interleaved
calls=63 0 
0 166223071
0 63
0 22848
cob=(8)
cfi=(8)
cfn=(6364)
calls=1344 0 
0 4092273523
0 1344
0 3502736
cob=(1)
cfi=(1)
cfn=(4070)
calls=1 0 
0 10336221
0 5
0 7175
cob=(1)
cfi=(1)
cfn=(4070)
calls=1 0 
0 812
0 5
0 2
cob=(1)
cfi=(1)
cfn=(4070)
calls=1 0 
0 5967
0 5
0 10

ob=(1)
fl=(1)
fn=(218)
0 17

fn=(2876) 0x000000000000a9c0
0 364
cfn=(886) 0x000000000002a370
calls=230 0 
0 299
0 96
cfn=(886)
calls=250 0 
0 20
0 226

fn=(2826) 0x000000000000b830
0 2112
cfn=(2846) 0x000000000000ab70
calls=332 0 
0 4014
0 667

fn=(4072) 0x0000000000013ec0
0 832
cfn=(2826)
calls=21 0 
0 6793
0 442

fn=(4070)
0 325
cfn=(4072)
calls=21 0 
0 8067
0 195

fn=(0) 0x00000000000215c0
cob=(9)
cfi=(9)
cfn=(4014)
calls=1 0 
0 4276440554

fn=(2846)
0 2853
cfn=(2876)
calls=332 0 
0 1005
0 156

fn=(886)
0 319

ob=(8)
fl=(8)
fn=(4924) 0x000000000003eda0
0 2

fn=(4968) 0x000000000003d430
0 228

fn=(5016) 0x000000000000dd30
0 7
cob=(2)
cfi=(2)
cfn=(4690)
calls=1 0 
0 288
0 1
0 5

fn=(5098) lame_set_quant_comp
0 6
cfn=(4874) 0x000000000001b280
calls=1 0 
0 6
0 8

fn=(5156) 0x0000000000037cf0
0 3
cfn=(4874)
calls=1 0 
0 6
0 6

fn=(5178) lame_get_scale
0 3
cfn=(4874)
calls=1 0 
0 6
0 6

fn=(5254) 0x0000000000037630
0 5
cfn=(4874)
calls=1 0 
0 6
0 8

fn=(6476) 0x000000000000dd80
0 206942
cfn=(6620) 0x0000000000023f90
calls=2780 0 
0 863103209
0 101371
cfn=(6510) 0x0000000000020750
calls=1390 0 
0 183404552
0 23733
cfn=(9046) 0x000000000000bd80
calls=1390 0 
0 105527853
0 6950
cfn=(6430) 0x000000000000dc70
calls=1390 0 
0 1784353
0 36140
cob=(2)
cfi=(2)
cfn=(4442)
calls=1390 0 
0 29190
0 1390
0 80620
cfn=(7574) 0x0000000000031e90
calls=1390 0 
0 3098375325
0 171140
cfn=(6510)
calls=1 0 
0 128654
0 6174
cob=(2)
cfi=(2)
cfn=(4776)
calls=1 0 
0 4626
0 1
0 4
cob=(2)
cfi=(2)
cfn=(4776)
calls=1 0 
0 4626
0 1
0 15
cob=(2)
cfi=(2)
cfn=(4442)
calls=1 0 
0 352
0 1
0 5
cob=(2)
cfi=(2)
cfn=(4442)
calls=1 0 
0 352
0 1
0 10

fn=(6620)
0 531130107
cfn=(6954) 0x000000000003ee50
calls=802163 0 
0 16845423
0 19695046
cob=(2)
cfi=(2)
cfn=(4776)
calls=11120 0 
0 155680
0 11120
0 55600
cob=(2)
cfi=(2)
cfn=(4776)
calls=11120 0 
0 155680
0 11120
0 90724
cfn=(6996) 0x0000000000022c10
calls=98 0 
0 132496
0 42912
cfn=(6996)
calls=2682 0 
0 3626064
0 66720
cfn=(6996)
calls=8340 0 
0 11275680
0 111200
cfn=(6996)
calls=11120 0 
0 12532240
0 2736876
cfn=(6996)
calls=1176 0 
0 1000776
0 5004874
cfn=(6792) 0x000000000000f390
calls=5560 0 
0 195267200
0 7588668
cfn=(7046) 0x000000000000f190
calls=196 0 
0 4474288
0 20374956
cfn=(6954)
calls=32316 0 
0 678636
0 1372038
cob=(6) /usr/lib/libm.so.6
cfi=(6) ???
cfn=(5296) powf
calls=390 0 
0 24570
0 390
0 5265
cob=(6)
cfi=(6)
cfn=(5296)
calls=195 0 
0 12285
0 195
0 7160745
cob=(6)
cfi=(6)
cfn=(5296)
calls=598 0 
0 37674
0 598
0 726556
cob=(6)
cfi=(6)
cfn=(5296)
calls=208 0 
0 13104
0 208
0 5044
cob=(6)
cfi=(6)
cfn=(5296)
calls=572 0 
0 36036
0 572
0 1158664
cob=(6)
cfi=(6)
cfn=(5296)
calls=208 0 
0 13104
0 208
0 546
cob=(6)
cfi=(6)
cfn=(5296)
calls=182 0 
0 11466
0 182
0 435721
cob=(6)
cfi=(6)
cfn=(5296)
calls=169 0 
0 10647
0 169
0 585
cob=(6)
cfi=(6)
cfn=(5296)
calls=195 0 
0 12285
0 195
0 3471
cob=(6)
cfi=(6)
cfn=(5296)
calls=208 0 
0 13104
0 208
0 4770670
cfn=(6954)
calls=225204 0 
0 4729284
0 2243964
cfn=(6954)
calls=4656 0 
0 97776
0 116592
cfn=(6954)
calls=4656 0 
0 97776
0 116592
cfn=(6954)
calls=4656 0 
0 97776
0 150678
cfn=(7222) 0x0000000000022a40
calls=294 0 
0 419110
0 33654
cfn=(7222)
calls=2682 0 
0 6065916
0 43500

fn=(7574)
0 27800
cfn=(7576) 0x0000000000035d40
calls=1390 0 
0 94520
0 31970
cfn=(7600) 0x0000000000033020
calls=1390 0 
0 246209
0 12510
cfn=(7600)
calls=1390 0 
0 246909
0 69500
cfn=(8444) 0x000000000003ae80
calls=5560 0 
0 7290507
0 27800
cfn=(8596) 0x0000000000035f40
calls=5560 0 
0 22240
0 89940
cob=(6)
cfi=(6)
cfn=(5284) pow
calls=196 0 
0 5880
0 196
0 21456
cob=(6)
cfi=(6)
cfn=(5284)
calls=5364 0 
0 160920
0 5364
0 27800
cfn=(7656) 0x000000000002b200
calls=5560 0 
0 1204688
0 22240
cfn=(7674) 0x000000000002b060
calls=5560 0 
0 64899625
0 38920
cfn=(7718) 0x0000000000033640
calls=5560 0 
0 36493308
0 50040
cfn=(7788) 0x000000000002e7d0
calls=5560 0 
0 275977751
0 50040
cfn=(8042) 0x000000000002cf50
calls=5560 0 
0 2334758247
0 22240
cfn=(8552) 0x0000000000038e80
calls=5560 0 
0 376072802
0 29190
cfn=(9032) 0x0000000000035f60
calls=1390 0 
0 48675
0 304456
cfn=(10002) 0x0000000000033360
calls=354 0 
0 20874
0 708

fn=(5024) 0x0000000000022770
0 128
cfn=(4928) 0x000000000003d700
calls=1 0 
0 35
0 4
cfn=(4900) lame_set_VBR
calls=1 0 
0 22
0 1
0 3
cfn=(5022) lame_set_VBR_mean_bitrate_kbps
calls=1 0 
0 20
0 1
0 2
cfn=(5058) lame_get_VBR_mean_bitrate_kbps
calls=1 0 
0 14
0 1
0 6
cfn=(5022)
calls=1 0 
0 20
0 1
0 2
cfn=(5058)
calls=1 0 
0 14
0 1
0 6
cfn=(5022)
calls=1 0 
0 20
0 1
0 2
cfn=(5058)
calls=1 0 
0 14
0 1
0 3
cfn=(4888) lame_set_brate
calls=1 0 
0 22
0 1
0 11
cfn=(5078) 0x0000000000037a70
calls=1 0 
0 23
0 4
cfn=(5090) lame_get_quant_comp
calls=1 0 
0 14
0 1
0 9
cfn=(5106) lame_get_quant_comp_short
calls=1 0 
0 14
0 1
0 9
cfn=(5122) lame_get_msfix
calls=1 0 
0 15
0 1
0 7
cfn=(5136) 0x0000000000037c80
calls=1 0 
0 15
0 7
cfn=(5156)
calls=1 0 
0 15
0 8
cfn=(5178)
calls=1 0 
0 15
0 1
0 3
cfn=(5184) lame_set_scale
calls=1 0 
0 19
0 1
0 2
cfn=(5188) 0x0000000000037450
calls=1 0 
0 15
0 7
cfn=(5230) lame_get_ATHlower
calls=1 0 
0 15
0 1
0 6
cfn=(5244) 0x0000000000037670
calls=1 0 
0 15
0 7
cfn=(5266) lame_get_interChRatio
calls=1 0 
0 27
0 1
0 26
cfn=(5198) 0x0000000000037410
calls=1 0 
0 19
0 6
cfn=(5208) 0x00000000000374c0
calls=1 0 
0 15
0 10
cfn=(5218) 0x0000000000037480
calls=1 0 
0 19
0 5
cfn=(5114) lame_set_quant_comp_short
calls=1 0 
0 20
0 1
0 6
cfn=(5130) lame_set_msfix
calls=1 0 
0 21
0 1
0 5
cfn=(5146) 0x0000000000037c40
calls=1 0 
0 19
0 5
cfn=(5166) 0x0000000000037cb0
calls=1 0 
0 19
0 5
cfn=(5098)
calls=1 0 
0 20
0 1
0 5
cfn=(5274) lame_set_interChRatio
calls=1 0 
0 25
0 1
0 5
cfn=(5254)
calls=1 0 
0 19
0 5
cfn=(5238) lame_set_ATHlower
calls=1 0 
0 19
0 1
0 25

fn=(5114)
0 6
cfn=(4874)
calls=1 0 
0 6
0 8

fn=(5146)
0 5
cfn=(4874)
calls=1 0 
0 6
0 8

fn=(5298) 0x00000000000326c0
0 313
cfn=(5304) 0x000000000003cdf0
calls=22 0 
0 7634
0 3324
cfn=(5304)
calls=554 0 
0 192238
0 2499
cfn=(5304)
calls=6 0 
0 2082
0 912
cfn=(5304)
calls=152 0 
0 52744
0 826
cfn=(5304)
calls=13 0 
0 4511
0 1074
cfn=(5304)
calls=179 0 
0 62113
0 1035
cfn=(5304)
calls=6 0 
0 2082
0 300
cfn=(5304)
calls=50 0 
0 17350
0 296
cfn=(5304)
calls=1 0 
0 348
0 10
cob=(6)
cfi=(6)
cfn=(5296)
calls=1 0 
0 63
0 1
0 2
cob=(6)
cfi=(6)
cfn=(5412) log10
calls=1 0 
0 83
0 1
0 12
cob=(6)
cfi=(6)
cfn=(5284)
calls=1 0 
0 77
0 1
0 41030
cob=(6)
cfi=(6)
cfn=(5284)
calls=8206 0 
0 853424
0 8206
0 41045
cob=(6)
cfi=(6)
cfn=(5284)
calls=1 0 
0 104
0 1
0 49236
cob=(6)
cfi=(6)
cfn=(5284)
calls=8206 0 
0 853424
0 8206
0 82081
cob=(6)
cfi=(6)
cfn=(5284)
calls=1 0 
0 104
0 1
0 1792
cob=(6)
cfi=(6)
cfn=(5284)
calls=256 0 
0 26550
0 256
0 1039
cob=(6)
cfi=(6)
cfn=(5284)
calls=1 0 
0 104
0 1
0 2611
cob=(6)
cfi=(6)
cfn=(5284)
calls=373 0 
0 38718
0 373
0 1498
cfn=(5442) 0x000000000003c860
calls=1 0 
0 28732
0 2
cfn=(5468) 0x000000000002e9f0
calls=1 0 
0 5
0 6
cob=(6)
cfi=(6)
cfn=(5296)
calls=1 0 
0 63
0 1
0 11
cob=(6)
cfi=(6)
cfn=(5296)
calls=1 0 
0 63
0 1
0 11
cob=(6)
cfi=(6)
cfn=(5296)
calls=1 0 
0 63
0 1
0 12
cob=(6)
cfi=(6)
cfn=(5296)
calls=1 0 
0 63
0 1
0 6
cob=(6)
cfi=(6)
cfn=(5296)
calls=1 0 
0 63
0 1
0 8
cob=(6)
cfi=(6)
cfn=(5296)
calls=1 0 
0 63
0 1
0 7
cob=(6)
cfi=(6)
cfn=(5296)
calls=1 0 
0 63
0 1
0 6
cob=(6)
cfi=(6)
cfn=(5296)
calls=1 0 
0 63
0 1
0 3466
cob=(6)
cfi=(6)
cfn=(5296)
calls=576 0 
0 36288
0 576
0 4054
cob=(6)
cfi=(6)
cfn=(5296)
calls=192 0 
0 12096
0 192
0 1921
cob=(6)
cfi=(6)
cfn=(5296)
calls=158 0 
0 9954
0 158
0 1132
cob=(6)
cfi=(6)
cfn=(5296)
calls=56 0 
0 3528
0 56
0 288

fn=(5304)
0 34184
cob=(6)
cfi=(6)
cfn=(5284)
calls=2136 0 
0 222144
0 2136
0 7
cob=(6)
cfi=(6)
cfn=(5284)
calls=1 0 
0 104
0 1
0 12822
cob=(6)
cfi=(6)
cfn=(5318) exp
calls=2137 0 
0 74795
0 2137
0 19233
cob=(6)
cfi=(6)
cfn=(5318)
calls=2137 0 
0 74795
0 2137
0 14959
cob=(6)
cfi=(6)
cfn=(5284)
calls=2137 0 
0 222248
0 2137
0 57701

fn=(5442)
0 28732

fn=(6350) 0x0000000000009ae0
0 18

fn=(6366) 0x000000000001a6a0
0 69099
cob=(2)
cfi=(2)
cfn=(4690)
calls=1 0 
0 4821
0 1
0 5
cob=(2)
cfi=(2)
cfn=(4690)
calls=1 0 
0 4821
0 1
0 21159
cfn=(6396) 0x00000000000187c0
calls=1410 0 
0 11709606
0 19740
cfn=(6430)
calls=1410 0 
0 23970
0 84600
cfn=(6444) 0x000000000003de50
calls=1410 0 
0 1393688
0 49110
cfn=(6476)
calls=1390 0 
0 4252997590
0 2399448

fn=(6792)
0 195267200

fn=(7576)
0 8340
cfn=(7578) 0x0000000000009a80
calls=1390 0 
0 29190
0 56990

fn=(7718)
0 272120
cfn=(6954)
calls=5364 0 
0 112644
0 1287360
cfn=(6954)
calls=107280 0 
0 2252880
0 1914948
cob=(6)
cfi=(6)
cfn=(5296)
calls=112644 0 
0 7096572
0 112644
0 16939512
cfn=(6954)
calls=112644 0 
0 2365524
0 2659664
cfn=(6954)
calls=196 0 
0 4116
0 28028
cfn=(6954)
calls=2156 0 
0 45276
0 37632
cob=(6)
cfi=(6)
cfn=(5296)
calls=2352 0 
0 148176
0 2352
0 839088
cfn=(6954)
calls=2352 0 
0 49392
0 325380

fn=(7788)
0 322005
cfn=(7794) 0x0000000000039ad0
calls=13312 0 
0 169036751
0 27800
cfn=(7794)
calls=5560 0 
0 69919870
0 273776
cfn=(7794)
calls=2887 0 
0 36272128
0 125421

fn=(8596)
0 22240

fn=(9462) 0x000000000000b960
0 77328

fn=(10578) get_lame_short_version
0 2

fn=(10730) 0x000000000003ca90
0 31

fn=(5208)
0 3
cfn=(4874)
calls=1 0 
0 6
0 6

fn=(5230)
0 3
cfn=(4874)
calls=1 0 
0 6
0 6

fn=(5244)
0 3
cfn=(4874)
calls=1 0 
0 6
0 6

fn=(5274)
0 5
cfn=(4874)
calls=1 0 
0 6
0 14

fn=(5288) lame_get_exp_nspsytune
0 3
cfn=(4874)
calls=1 0 
0 6
0 5

fn=(6510)
0 98761
cfn=(6516) 0x000000000001fc30
calls=2782 0 
0 3797430
0 33384
cfn=(6516)
calls=2782 0 
0 3797430
0 133536
cfn=(6516)
calls=44512 0 
0 60758880
0 200304
cfn=(6516)
calls=50076 0 
0 68353740
0 46359741

fn=(7602) 0x0000000000035e50
0 122320

fn=(7684) 0x000000000002af20
0 64137265

fn=(7794)
0 257424098
cfn=(7954) 0x0000000000038840
calls=95 0 
0 8940
0 2108470
cfn=(7954)
calls=210847 0 
0 59339727
0 2530829
cfn=(7954)
calls=210847 0 
0 160674661
0 3923652
cfn=(7954)
calls=183872 0 
0 148408305
0 280065889
cob=(2)
cfi=(2)
cfn=(4776)
calls=210978 0 
0 9949592
0 210978
0 196917217
cfn=(7838) 0x0000000000038c70
calls=307512 0 
0 96715338
0 5446567
cfn=(7838)
calls=37187 0 
0 117388588
0 3003023
cfn=(7838)
calls=210978 0 
0 594685496
0 1054890

fn=(9032)
0 48675

fn=(9440) 0x0000000000009290
0 232424
cfn=(10578)
calls=1 0 
0 2
0 1
0 4
cob=(2)
cfi=(2)
cfn=(10584)
calls=1 0 
0 13
0 1
0 28
cob=(2)
cfi=(2)
cfn=(10584)
calls=14 0 
0 182
0 14
0 676

fn=(10270) lame_encode_flush
0 620
cfn=(10288) 0x000000000003de10
calls=1 0 
0 14
0 91
cfn=(6366)
calls=2 0 
0 10285715
0 68
cfn=(10492) 0x000000000000ba80
calls=1 0 
0 48365
0 5
cfn=(6430)
calls=1 0 
0 663
0 3
cfn=(10638) 0x000000000001a540
calls=1 0 
0 12
0 15

fn=(10660) lame_close
0 22
cfn=(10662) 0x000000000003cba0
calls=1 0 
0 5245
0 12
cob=(2)
cfi=(2)
cfn=(4496)
calls=1 0 
0 79
0 1
0 2

fn=(4906) lame_set_bWriteVbrTag
0 6
cfn=(4874)
calls=1 0 
0 6
0 10

fn=(4928)
0 70

fn=(5022)
0 24
cfn=(4874)
calls=4 0 
0 24
0 32

fn=(5058)
0 9
cfn=(4874)
calls=3 0 
0 18
0 15

fn=(5090)
0 6
cfn=(4874)
calls=2 0 
0 12
0 10

fn=(5136)
0 3
cfn=(4874)
calls=1 0 
0 6
0 6

fn=(7838)
0 808789422

fn=(8048) 0x00000000000343d0
0 100510811
cfn=(8064) 0x0000000000032280
calls=1460206 0 
0 237637692
0 10221442
cfn=(6954)
calls=1460206 0 
0 30664326
0 40336634

fn=(8444)
0 7212335
cob=(2)
cfi=(2)
cfn=(4776)
calls=267 0 
0 2670
0 267
0 75235

fn=(4872) lame_set_num_channels
0 6
cfn=(4874)
calls=1 0 
0 6
0 11

fn=(4912) lame_set_write_id3tag_automatic
0 6
cfn=(4874)
calls=1 0 
0 6
0 7

fn=(4920) 0x000000000003ed90
0 2

fn=(5078)
0 6
cfn=(4874)
calls=1 0 
0 6
0 11

fn=(5106)
0 6
cfn=(4874)
calls=2 0 
0 12
0 10

fn=(5218)
0 5
cfn=(4874)
calls=1 0 
0 6
0 8

fn=(5292) lame_set_exp_nspsytune
0 6
cfn=(4874)
calls=1 0 
0 6
0 8

fn=(5468)
0 5

fn=(7600)
0 61160
cfn=(7602)
calls=2780 0 
0 122320
0 309638

fn=(7656)
0 1204688

fn=(7954)
0 712659357

fn=(8166) 0x000000000003a370
0 40218210

fn=(4790) 0x000000000003edc0
0 1

fn=(4960) 0x000000000003dd30
0 9

fn=(5122)
0 6
cfn=(4874)
calls=2 0 
0 12
0 12

fn=(5184)
0 5
cfn=(4874)
calls=1 0 
0 6
0 8

fn=(5490) 0x0000000000028570
0 81
cob=(2)
cfi=(2)
cfn=(4690)
calls=1 0 
0 11354
0 1
0 536
cfn=(5510) 0x000000000003d3a0
calls=1 0 
0 117
0 496
cfn=(5510)
calls=62 0 
0 9217
0 3908
cfn=(5510)
calls=513 0 
0 82134
0 252
cfn=(5510)
calls=63 0 
0 9334
0 5647
cob=(6)
cfi=(6)
cfn=(4958) cos
calls=36 0 
0 2895
0 36
0 216
cob=(6)
cfi=(6)
cfn=(5284)
calls=36 0 
0 3744
0 36
0 924
cfn=(5510)
calls=62 0 
0 9246
0 10
cfn=(5510)
calls=1 0 
0 117
0 378
cob=(6)
cfi=(6)
cfn=(4958)
calls=13 0 
0 1046
0 13
0 91
cob=(6)
cfi=(6)
cfn=(5284)
calls=13 0 
0 1352
0 13
0 1195
cfn=(5510)
calls=22 0 
0 3271
0 115
cfn=(5626) 0x00000000000231d0
calls=1 0 
0 39627
0 687
cob=(6)
cfi=(6)
cfn=(5284)
calls=33 0 
0 990
0 33
0 205
cfn=(5656) 0x0000000000023300
calls=1 0 
0 203763
0 1721
cfn=(5304)
calls=63 0 
0 21861
0 4500
cfn=(5304)
calls=450 0 
0 156150
0 2565
cob=(6)
cfi=(6)
cfn=(5284)
calls=513 0 
0 53352
0 513
0 7281
cob=(6)
cfi=(6)
cfn=(5284)
calls=63 0 
0 6552
0 63
0 1521
cfn=(5510)
calls=1 0 
0 117
0 312
cfn=(5510)
calls=39 0 
0 5992
0 1105
cfn=(5510)
calls=129 0 
0 20674
0 160
cfn=(5510)
calls=40 0 
0 6109
0 2293
cob=(6)
cfi=(6)
cfn=(4958)
calls=17 0 
0 1435
0 17
0 102
cob=(6)
cfi=(6)
cfn=(5284)
calls=17 0 
0 1768
0 17
0 553
cfn=(5510)
calls=39 0 
0 5992
0 10
cfn=(5510)
calls=1 0 
0 117
0 273
cob=(6)
cfi=(6)
cfn=(4958)
calls=6 0 
0 457
0 6
0 42
cob=(6)
cfi=(6)
cfn=(5284)
calls=6 0 
0 624
0 6
0 699
cfn=(5510)
calls=13 0 
0 1961
0 77
cfn=(5626)
calls=1 0 
0 25853
0 578
cob=(6)
cfi=(6)
cfn=(5284)
calls=28 0 
0 2912
0 28
0 36
cob=(6)
cfi=(6)
cfn=(5284)
calls=12 0 
0 1248
0 12
0 1120
cfn=(5304)
calls=40 0 
0 13880
0 890
cfn=(5304)
calls=89 0 
0 30883
0 645
cob=(6)
cfi=(6)
cfn=(5284)
calls=129 0 
0 13416
0 129
0 1979
cob=(6)
cfi=(6)
cfn=(4680) log
calls=10 0 
0 460
0 10
0 650
cob=(6)
cfi=(6)
cfn=(5284)
calls=40 0 
0 4160
0 40
0 672
cob=(6)
cfi=(6)
cfn=(4680)
calls=30 0 
0 1380
0 30
0 389
cfn=(5656)
calls=1 0 
0 95108
0 6
cfn=(6102) 0x000000000000f4e0
calls=1 0 
0 225291
0 7
cob=(6)
cfi=(6)
cfn=(5318)
calls=1 0 
0 35
0 1
0 350
cob=(6)
cfi=(6)
cfn=(5284)
calls=1 0 
0 104
0 1
0 29
cfn=(5304)
calls=1 0 
0 347
0 2555
cfn=(5304)
calls=511 0 
0 177317
0 2048
cob=(6)
cfi=(6)
cfn=(5284)
calls=512 0 
0 53248
0 512
0 6797
cob=(6)
cfi=(6)
cfn=(5296)
calls=1 0 
0 63
0 1
0 312
cob=(6)
cfi=(6)
cfn=(5296)
calls=39 0 
0 2457
0 39
0 158
cob=(6)
cfi=(6)
cfn=(5296)
calls=1 0 
0 63
0 1
0 496
cob=(6)
cfi=(6)
cfn=(5296)
calls=62 0 
0 3906
0 62
0 751
cfn=(5510)
calls=1 0 
0 117
0 496
cfn=(5510)
calls=62 0 
0 9217
0 3908
cfn=(5510)
calls=513 0 
0 82134
0 252
cfn=(5510)
calls=63 0 
0 9334
0 5643
cob=(6)
cfi=(6)
cfn=(4958)
calls=36 0 
0 2895
0 36
0 216
cob=(6)
cfi=(6)
cfn=(5284)
calls=36 0 
0 3744
0 36
0 924
cfn=(5510)
calls=62 0 
0 9246
0 10
cfn=(5510)
calls=1 0 
0 117
0 341
cob=(6)
cfi=(6)
cfn=(4958)
calls=6 0 
0 457
0 6
0 36
cob=(6)
cfi=(6)
cfn=(5284)
calls=6 0 
0 624
0 6
0 699
cfn=(5510)
calls=13 0 
0 1961
0 407

fn=(5510)
0 29582
cob=(6)
cfi=(6)
cfn=(5514) atan
calls=2113 0 
0 139332
0 2113
0 12678
cob=(6)
cfi=(6)
cfn=(5514)
calls=2113 0 
0 127724
0 2113
0 14791

fn=(5656)
0 86
cob=(2)
cfi=(2)
cfn=(4776)
calls=2 0 
0 32804
0 2
0 135292
cob=(6)
cfi=(6)
cfn=(5318)
calls=1033 0 
0 36155
0 1033
0 82181
cob=(2)
cfi=(2)
cfn=(4690)
calls=2 0 
0 3341
0 2
0 1777
cob=(2)
cfi=(2)
cfn=(4442)
calls=103 0 
0 1129
0 103
0 4966

fn=(9046)
0 61160
cfn=(9058) 0x0000000000009e70
calls=1390 0 
0 2895414
0 2572108
cob=(2)
cfi=(2)
cfn=(4442)
calls=22 0 
0 242
0 22
0 729027
cfn=(9440)
calls=1390 0 
0 185051
0 13900
cfn=(9462)
calls=1390 0 
0 77328
0 2325848
cob=(2)
cfi=(2)
cfn=(4442)
calls=26 0 
0 286
0 26
0 647180
cfn=(9242) 0x0000000000009120
calls=5364 0 
0 74191661
0 14577891
cob=(2)
cfi=(2)
cfn=(4442)
calls=499 0 
0 5489
0 499
0 1829121
cfn=(9254) 0x0000000000008a40
calls=196 0 
0 593987
0 1372
cfn=(9254)
calls=196 0 
0 4810840
0 9401

fn=(9494) 0x0000000000007e70
0 5564
cfn=(9496) 0x0000000000007680
calls=1391 0 
0 1585736
0 4173

fn=(10492)
0 40
cfn=(9440)
calls=1 0 
0 48294
0 31

fn=(4674) 0x000000000003edd0
0 15
cob=(6)
cfi=(6)
cfn=(4680)
calls=1 0 
0 11
0 1
0 3072
cob=(6)
cfi=(6)
cfn=(4680)
calls=512 0 
0 23387
0 512
0 3083

fn=(4882) lame_set_in_samplerate
0 6
cfn=(4874)
calls=1 0 
0 6
0 10

fn=(4900)
0 12
cfn=(4874)
calls=2 0 
0 12
0 20

fn=(4922) 0x000000000003ed80
0 2

fn=(4926) 0x000000000003edb0
0 2

fn=(4996) 0x000000000003d9a0
0 58

fn=(5198)
0 5
cfn=(4874)
calls=1 0 
0 6
0 8

fn=(5238)
0 5
cfn=(4874)
calls=1 0 
0 6
0 8

fn=(6364)
0 21120
cfn=(6366)
calls=1408 0 
0 4258491944
0 2816

fn=(6802) 0x000000000000eef0
0 3254580

fn=(6954)
0 58040829

fn=(7222)
0 6485026

fn=(8064)
0 237637692

fn=(8552)
0 4171858
cfn=(7954)
calls=5102 0 
0 577087
0 817311
cfn=(7954)
calls=74301 0 
0 35302941
0 5367292
cfn=(7954)
calls=511248 0 
0 177634391
0 7140215
cfn=(7954)
calls=82327 0 
0 89330762
0 12828538
cfn=(7954)
calls=232 0 
0 83894
0 2786
cfn=(7954)
calls=232 0 
0 461321
0 554058
cfn=(7954)
calls=38780 0 
0 40837328
0 963020

fn=(9242)
0 187740
cfn=(9254)
calls=5364 0 
0 13640513
0 37548
cfn=(9254)
calls=5364 0 
0 22188049
0 37548
cfn=(9254)
calls=5364 0 
0 38051987
0 48276

fn=(9496)
0 1585736

fn=(4672) lame_init
0 4
cfn=(4674)
calls=1 0 
0 30081
0 3
cob=(2)
cfi=(2)
cfn=(4690)
calls=1 0 
0 399
0 1
0 6
cfn=(4790)
calls=1 0 
0 1
0 37
cob=(2)
cfi=(2)
cfn=(4690)
calls=1 0 
0 30329
0 1
0 19
cob=(2)
cfi=(2)
cfn=(4690)
calls=1 0 
0 3053
0 1
0 6
cob=(2)
cfi=(2)
cfn=(4690)
calls=1 0 
0 388
0 1
0 9

fn=(4888)
0 12
cfn=(4874)
calls=2 0 
0 12
0 20

fn=(4894) lame_set_quality
0 8
cfn=(4874)
calls=1 0 
0 6
0 12

fn=(4918) lame_init_params
0 129
cfn=(4922)
calls=1 0 
0 2
0 4
cfn=(4920)
calls=1 0 
0 2
0 3
cfn=(4924)
calls=1 0 
0 2
0 7
cfn=(4926)
calls=1 0 
0 2
0 480
cob=(6)
cfi=(6)
cfn=(4958)
calls=1 0 
0 57
0 1
0 137
cfn=(4960)
calls=1 0 
0 9
0 11
cfn=(5016)
calls=1 0 
0 301
0 105
cfn=(5024)
calls=1 0 
0 962
0 46
cob=(6)
cfi=(6)
cfn=(5284)
calls=1 0 
0 30
0 1
0 8
cfn=(5090)
calls=1 0 
0 14
0 1
0 4
cfn=(5106)
calls=1 0 
0 14
0 1
0 4
cfn=(5122)
calls=1 0 
0 15
0 1
0 5
cfn=(5288)
calls=1 0 
0 14
0 1
0 4
cfn=(5292)
calls=1 0 
0 20
0 1
0 22
cob=(6)
cfi=(6)
cfn=(5296)
calls=1 0 
0 63
0 1
0 203
cfn=(5298)
calls=1 0 
0 2464762
0 2
cfn=(5490)
calls=1 0 
0 1506404
0 3
cfn=(6350)
calls=1 0 
0 18
0 413
cfn=(4928)
calls=1 0 
0 35
0 40
cfn=(4968)
calls=1 0 
0 228
0 5
cfn=(4996)
calls=1 0 
0 58
0 10
cfn=(5022)
calls=1 0 
0 20
0 1
0 1

fn=(5130)
0 6
cfn=(4874)
calls=1 0 
0 6
0 9

fn=(5166)
0 5
cfn=(4874)
calls=1 0 
0 6
0 8

fn=(5188)
0 3
cfn=(4874)
calls=1 0 
0 6
0 6

fn=(5266)
0 3
cfn=(4874)
calls=1 0 
0 6
0 18

fn=(5626)
0 66
cfn=(5510)
calls=2 0 
0 234
0 808
cfn=(5510)
calls=101 0 
0 15209
0 618
cfn=(5510)
calls=103 0 
0 15466
0 927
cfn=(5510)
calls=103 0 
0 15405
0 721
cfn=(5510)
calls=103 0 
0 15495
0 531

fn=(6102)
0 16
cob=(6)
cfi=(6)
cfn=(4958)
calls=1 0 
0 66
0 1
0 7154
cob=(6)
cfi=(6)
cfn=(4958)
calls=1022 0 
0 92247
0 1022
0 5115
cob=(6)
cfi=(6)
cfn=(4958)
calls=1023 0 
0 97160
0 1023
0 9216
cob=(6)
cfi=(6)
cfn=(4958)
calls=1 0 
0 66
0 1
0 756
cob=(6)
cfi=(6)
cfn=(4958)
calls=126 0 
0 10298
0 126
0 1024

fn=(6396)
0 11709606

fn=(6430)
0 76676
cob=(2)
cfi=(2)
cfn=(4442)
calls=1391 0 
0 97737
0 1391
0 23799
cfn=(9494)
calls=1391 0 
0 1595473
0 13910

fn=(7674)
0 150120
cfn=(7684)
calls=5560 0 
0 64137265
0 612240

fn=(9058)
0 29190
cob=(2)
cfi=(2)
cfn=(4776)
calls=1390 0 
0 15290
0 1390
0 2849544

fn=(9254)
0 41918200
cob=(2)
cfi=(2)
cfn=(4442)
calls=645 0 
0 7095
0 645
0 17890764
cob=(2)
cfi=(2)
cfn=(4442)
calls=198 0 
0 2178
0 198
0 19466296

fn=(10288)
0 14

fn=(10638)
0 12

fn=(10662)
0 3865
cob=(2)
cfi=(2)
cfn=(4496)
calls=1 0 
0 60
0 1
0 8
cob=(2)
cfi=(2)
cfn=(4496)
calls=1 0 
0 176
0 1
0 4
cob=(2)
cfi=(2)
cfn=(4496)
calls=1 0 
0 54
0 1
0 4
cob=(2)
cfi=(2)
cfn=(4496)
calls=1 0 
0 185
0 1
0 4
cob=(2)
cfi=(2)
cfn=(4496)
calls=1 0 
0 181
0 1
0 2
cfn=(10730)
calls=1 0 
0 31
0 11
cob=(2)
cfi=(2)
cfn=(4496)
calls=1 0 
0 155
0 1
0 6
cob=(2)
cfi=(2)
cfn=(4496)
calls=1 0 
0 181
0 1
0 2
cob=(2)
cfi=(2)
cfn=(4496)
calls=1 0 
0 151
0 1
0 5
cob=(2)
cfi=(2)
cfn=(4496)
calls=1 0 
0 151
0 1

fn=(4874)
0 264

fn=(6444)
0 74730
cob=(2)
cfi=(2)
cfn=(4442)
calls=1410 0 
0 640444
0 1410
0 9870
cob=(2)
cfi=(2)
cfn=(4442)
calls=1410 0 
0 640444
0 1410
0 25380

fn=(6516)
0 136707480

fn=(6996)
0 28567256

fn=(7046)
0 1216376
cfn=(6802)
calls=588 0 
0 3254580
0 3332

fn=(7578)
0 29190

fn=(8042)
0 550440
cfn=(8048)
calls=5560 0 
0 30170254
0 156143786
cfn=(8166)
calls=110725 0 
0 38945865
0 261425
cfn=(8166)
calls=2049 0 
0 718771
0 9360
cfn=(8166)
calls=1560 0 
0 548660
0 56
cfn=(8166)
calls=14 0 
0 4914
0 1555489
cfn=(7794)
calls=61326 0 
0 708787798
0 553505
cfn=(7794)
calls=110701 0 
0 805662445
0 1905819
cfn=(8048)
calls=110701 0 
0 389200651
0 29489205
cfn=(7794)
calls=2744 0 
0 34703826
0 72240
cfn=(7794)
calls=14448 0 
0 115473442
0 816876
cob=(6)
cfi=(6)
cfn=(5284)
calls=112040 0 
0 11652160
0 112040
0 7419220

fn=(10002)
0 20874

ob=(6)
fl=(6)
fn=(5296)
0 7498008

fn=(5514)
0 267056

fn=(4680)
0 25284

fn=(5318)
0 185780

fn=(4958)
0 209079

fn=(5412)
0 4
cfn=(5414) __log10_finite
calls=1 0 
0 79

fn=(5414)
0 27
cfn=(4680)
calls=1 0 
0 46
0 6

fn=(5284)
0 14183829

totals: 4276440554
