# callgrind format
version: 1
creator: callgrind-3.28.0.GIT
pid: 9147
cmd:  profiling/20260705-215626-callgrind-fastlog-local-vs-system/bench_local testcase.wav 64
part: 1


desc: I1 cache: 
desc: D1 cache: 
desc: LL cache: 

desc: Timerange: Basic block 0 - 539192932
desc: Trigger: Program termination

positions: line
events: Ir
summary: 4478890977


ob=(2) /usr/lib/libc.so.6
fl=(2) ???
fn=(4114) 0x00000000000b26e0
0 1538
cfn=(4654) 0x00000000000b0930
calls=2 0 
0 60
0 220
cfn=(4740) 0x00000000000b1900
calls=2 0 
0 221
0 94
cfn=(4170) __default_morecore
calls=2 0 
0 38
0 16

fn=(4654)
0 141

fn=(4684) 0x0000000000190c40
0 10377670

fn=(4744) mmap
0 44

fn=(4754) 0x00000000001355d0
0 34
cob=(1) /usr/lib/ld-linux-x86-64.so.2
cfi=(1) ???
cfn=(218) __tunable_get_val
calls=1 0 
0 17
0 1
0 7

fn=(3922) (below main)
cfn=(3954) 0x0000000000026370
calls=1 0 
0 4478890977

fn=(3210) memcpy
0 17

fn=(4170)
0 4
cfn=(4172) sbrk
calls=3 0 
0 30
0 4

fn=(4598) calloc
0 344
cfn=(4114)
calls=10 0 
0 2068
0 284
cfn=(4684)
calls=8 0 
0 56090
0 8

fn=(3246) strlen
0 11

fn=(4174) brk
0 8

fn=(4172)
0 16
cfn=(4174)
calls=2 0 
0 8
0 6

fn=(4506) 0x00000000000b2290
0 479
cfn=(4654)
calls=4 0 
0 63
0 190
cfn=(4654)
calls=1 0 
0 18
0 457

fn=(4066) malloc
0 32
cfn=(4114)
calls=5 0 
0 119
0 8

fn=(3954)
cob=(7) /home/me/projects/lame/profiling/20260705-215626-callgrind-fastlog-local-vs-system/bench_local
cfi=(7) ???
cfn=(3968) main
calls=1 0 
0 4478890977

fn=(5498) munmap
0 10

fn=(3202) memset
0 19

fn=(4348) 0x0000000000190240
0 1424938

fn=(3254) memmove
0 17

fn=(4402) free
0 182
cfn=(4506)
calls=12 0 
0 1207
0 63
cfn=(5492) 0x00000000000b01f0
calls=1 0 
0 32
0 2
cfn=(5492)
calls=1 0 
0 32
0 10

fn=(4740)
0 32
cfn=(4744)
calls=2 0 
0 44
0 28
cfn=(4754)
calls=2 0 
0 59
0 58

fn=(5462) 0x0000000000192f80
0 195

fn=(5492)
0 54
cfn=(5498)
calls=2 0 
0 10

ob=(7)
fl=(7)
fn=(3920) (below main)
cob=(2)
cfi=(2)
cfn=(3922)
calls=1 0 
0 4478890977

fn=(3968)
cfn=(4572) run_encode
calls=1 0 
0 4478890977

fn=(4572)
0 13
cob=(1)
cfi=(1)
cfn=(3976) 0x0000000000016960
calls=1 0 
0 67511
0 5
0 6
cob=(1)
cfi=(1)
cfn=(3976)
calls=1 0 
0 1385
0 5
0 6
cob=(1)
cfi=(1)
cfn=(3976)
calls=1 0 
0 701
0 5
0 5
cob=(1)
cfi=(1)
cfn=(3976)
calls=1 0 
0 653
0 5
0 5
cob=(1)
cfi=(1)
cfn=(3976)
calls=1 0 
0 680
0 5
0 5
cob=(1)
cfi=(1)
cfn=(3976)
calls=1 0 
0 641
0 5
0 5
cob=(1)
cfi=(1)
cfn=(3976)
calls=1 0 
0 697
0 5
0 5
cob=(1)
cfi=(1)
cfn=(3976)
calls=1 0 
0 754
0 5
0 2
cob=(1)
cfi=(1)
cfn=(3976)
calls=1 0 
0 4100235
0 5
0 4
cob=(2)
cfi=(2)
cfn=(4066)
calls=1 0 
0 159
0 1
0 36
cob=(1)
cfi=(1)
cfn=(3976)
calls=1 0 
0 20817
0 5
0 1323
cob=(6) /home/me/projects/lame/build-callgrind-release/libmp3lame/libmp3lame.so.0
cfi=(6) ???
cfn=(5198) lame_encode_buffer_interleaved
calls=63 0 
0 174117638
0 63
0 22848
cob=(6)
cfi=(6)
cfn=(5198)
calls=1344 0 
0 4287095261
0 1344
0 3502736
cob=(1)
cfi=(1)
cfn=(3976)
calls=1 0 
0 9939511
0 5
0 7175
cob=(1)
cfi=(1)
cfn=(3976)
calls=1 0 
0 851
0 5
0 2
cob=(1)
cfi=(1)
cfn=(3976)
calls=1 0 
0 7824
0 5
0 10

ob=(1)
fl=(1)
fn=(0) 0x00000000000215c0
cob=(7)
cfi=(7)
cfn=(3920)
calls=1 0 
0 4478890977

fn=(886) 0x000000000002a370
0 993

fn=(3050) 0x000000000000a9c0
0 2744
cfn=(886)
calls=98 0 
0 636
0 801
cfn=(886)
calls=141 0 
0 357
0 1907

fn=(3000) 0x000000000000b830
0 16581
cfn=(3020) 0x000000000000ab70
calls=274 0 
0 32537
0 5633

fn=(3020)
0 24715
cfn=(3050)
calls=270 0 
0 6445
0 1377

fn=(218)
0 17

fn=(3978) 0x0000000000013ec0
0 7040
cfn=(3000)
calls=118 0 
0 54751
0 3748
cob=(2)
cfi=(2)
cfn=(3246)
calls=1 0 
0 11
cob=(2)
cfi=(2)
cfn=(3254)
calls=1 0 
0 17
cob=(2)
cfi=(2)
cfn=(3210)
calls=1 0 
0 17
cob=(2)
cfi=(2)
cfn=(3202)
calls=1 0 
0 19
0 12

fn=(3976)
0 375
cfn=(3978)
calls=23 0 
0 9225
0 225

fn=(3977) 0x0000000000016960'2
0 2375
cfn=(3978)
calls=95 0 
0 56390
0 1425

ob=(6)
fl=(6)
fn=(4796) lame_set_in_samplerate
0 6
cfn=(4790) is_lame_global_flags_valid
calls=1 0 
0 6
0 1
0 10

fn=(4826) lame_set_write_id3tag_automatic
0 6
cfn=(4790)
calls=1 0 
0 6
0 1
0 7

fn=(4892) BitrateIndex
0 59

fn=(4932) lame_set_sfscale
0 6
cfn=(4790)
calls=1 0 
0 6
0 1
0 11

fn=(4944) lame_set_quant_comp
0 6
cfn=(4790)
calls=1 0 
0 6
0 1
0 8

fn=(4974) lame_get_short_threshold_lrm
0 3
cfn=(4790)
calls=1 0 
0 6
0 1
0 6

fn=(4986) lame_get_short_threshold_s
0 3
cfn=(4790)
calls=1 0 
0 6
0 1
0 6

fn=(5034) lame_get_ATHlower
0 3
cfn=(4790)
calls=1 0 
0 6
0 1
0 6

fn=(5140) psymodel_init
0 70
cob=(2)
cfi=(2)
cfn=(4598)
calls=1 0 
0 11354
0 1
0 733
cob=(1)
cfi=(1)
cfn=(3977)
calls=1 0 
0 1357
0 5
0 496
cfn=(5146) freq2bark
calls=62 0 
0 9403
0 62
0 3845
cfn=(5146)
calls=513 0 
0 83673
0 513
0 252
cfn=(5146)
calls=63 0 
0 9523
0 63
0 5579
cob=(5) /usr/lib/libm.so.6
cfi=(5) ???
cfn=(4874) cos
calls=36 0 
0 2895
0 36
0 216
cob=(5)
cfi=(5)
cfn=(5070) pow
calls=36 0 
0 3744
0 36
0 924
cfn=(5146)
calls=62 0 
0 9432
0 62
0 10
cfn=(5146)
calls=1 0 
0 120
0 1
0 377
cob=(5)
cfi=(5)
cfn=(4874)
calls=13 0 
0 1046
0 13
0 78
cob=(5)
cfi=(5)
cfn=(5070)
calls=13 0 
0 1352
0 13
0 2053
cfn=(5146)
calls=22 0 
0 3337
0 22
0 115
cfn=(5154) compute_bark_values
calls=1 0 
0 40636
0 753
cob=(5)
cfi=(5)
cfn=(5070)
calls=33 0 
0 990
0 33
0 205
cfn=(5156) init_s3_values
calls=1 0 
0 235241
0 1721
cfn=(5106) ATHformula
calls=63 0 
0 22806
0 63
0 4500
cfn=(5106)
calls=450 0 
0 162900
0 450
0 3078
cob=(5)
cfi=(5)
cfn=(5070)
calls=513 0 
0 53352
0 513
0 8496
cob=(5)
cfi=(5)
cfn=(5070)
calls=63 0 
0 6552
0 63
0 1506
cfn=(5146)
calls=1 0 
0 120
0 1
0 312
cfn=(5146)
calls=39 0 
0 6109
0 39
0 1065
cfn=(5146)
calls=129 0 
0 21061
0 129
0 160
cfn=(5146)
calls=40 0 
0 6229
0 40
0 2439
cob=(5)
cfi=(5)
cfn=(4874)
calls=17 0 
0 1435
0 17
0 102
cob=(5)
cfi=(5)
cfn=(5070)
calls=17 0 
0 1768
0 17
0 553
cfn=(5146)
calls=39 0 
0 6109
0 39
0 10
cfn=(5146)
calls=1 0 
0 120
0 1
0 281
cob=(5)
cfi=(5)
cfn=(4874)
calls=6 0 
0 457
0 6
0 36
cob=(5)
cfi=(5)
cfn=(5070)
calls=6 0 
0 624
0 6
0 1206
cfn=(5146)
calls=13 0 
0 2000
0 13
0 77
cfn=(5154)
calls=1 0 
0 26494
0 607
cob=(5)
cfi=(5)
cfn=(5070)
calls=28 0 
0 2912
0 28
0 36
cob=(5)
cfi=(5)
cfn=(5070)
calls=12 0 
0 1248
0 12
0 1080
cfn=(5106)
calls=40 0 
0 14480
0 40
0 890
cfn=(5106)
calls=89 0 
0 32218
0 89
0 774
cob=(5)
cfi=(5)
cfn=(5070)
calls=129 0 
0 13416
0 129
0 2237
cob=(5)
cfi=(5)
cfn=(4592) log
calls=10 0 
0 460
0 10
0 770
cob=(5)
cfi=(5)
cfn=(5070)
calls=40 0 
0 4160
0 40
0 702
cob=(5)
cfi=(5)
cfn=(4592)
calls=30 0 
0 1380
0 30
0 383
cfn=(5156)
calls=1 0 
0 106172
0 5
cob=(1)
cfi=(1)
cfn=(3977)
calls=1 0 
0 231100
0 5
0 9
cob=(5)
cfi=(5)
cfn=(5114) exp
calls=1 0 
0 35
0 1
0 348
cob=(5)
cfi=(5)
cfn=(5070)
calls=1 0 
0 104
0 1
0 28
cfn=(5106)
calls=1 0 
0 362
0 1
0 2555
cfn=(5106)
calls=511 0 
0 184982
0 511
0 2560
cob=(5)
cfi=(5)
cfn=(5070)
calls=512 0 
0 53248
0 512
0 7975
cob=(5)
cfi=(5)
cfn=(5088) powf
calls=1 0 
0 63
0 1
0 312
cob=(5)
cfi=(5)
cfn=(5088)
calls=39 0 
0 2457
0 39
0 166
cob=(5)
cfi=(5)
cfn=(5088)
calls=1 0 
0 63
0 1
0 496
cob=(5)
cfi=(5)
cfn=(5088)
calls=62 0 
0 3906
0 62
0 750
cfn=(5146)
calls=1 0 
0 120
0 1
0 496
cfn=(5146)
calls=62 0 
0 9403
0 62
0 3845
cfn=(5146)
calls=513 0 
0 83673
0 513
0 252
cfn=(5146)
calls=63 0 
0 9523
0 63
0 5575
cob=(5)
cfi=(5)
cfn=(4874)
calls=36 0 
0 2895
0 36
0 216
cob=(5)
cfi=(5)
cfn=(5070)
calls=36 0 
0 3744
0 36
0 924
cfn=(5146)
calls=62 0 
0 9432
0 62
0 10
cfn=(5146)
calls=1 0 
0 120
0 1
0 341
cob=(5)
cfi=(5)
cfn=(4874)
calls=6 0 
0 457
0 6
0 36
cob=(5)
cfi=(5)
cfn=(5070)
calls=6 0 
0 624
0 6
0 1206
cfn=(5146)
calls=13 0 
0 2000
0 13
0 401

fn=(5146)
0 31695
cob=(5)
cfi=(5)
cfn=(5152) atan
calls=2112 0 
0 139288
cob=(1)
cfi=(1)
cfn=(3977)
calls=1 0 
0 702
0 2117
0 14791
cob=(5)
cfi=(5)
cfn=(5152)
calls=2113 0 
0 127724
0 2113
0 16904

fn=(5214) fill_buffer
0 31020
cfn=(5220) isResamplingNecessary
calls=1409 0 
0 21135
cob=(1)
cfi=(1)
cfn=(3977)
calls=1 0 
0 670
0 1414
0 28200
cob=(2)
cfi=(2)
cfn=(4348)
calls=1410 0 
0 640444
0 1410
0 8460
cob=(2)
cfi=(2)
cfn=(4348)
calls=1410 0 
0 640444
0 1410
0 23970

fn=(5246) fft_long
0 39920800
cfn=(5248) fht
calls=5560 0 
0 228226880

fn=(5346) outer_loop.part.0
0 489280
cfn=(5352) calc_noise
calls=5559 0 
0 31384989
cob=(1)
cfi=(1)
cfn=(3977)
calls=1 0 
0 6273
0 5564
0 192842829
cfn=(5358) scale_bitcount
calls=110732 0 
0 47746281
cob=(1)
cfi=(1)
cfn=(3977)
calls=1 0 
0 1073
0 110737
0 281632
cfn=(5358)
calls=2049 0 
0 874693
0 2049
0 7800
cfn=(5358)
calls=1560 0 
0 667152
0 1560
0 42
cfn=(5358)
calls=14 0 
0 7546
0 14
0 1555543
cfn=(5330) count_bits
calls=61324 0 
0 562560019
0 61324
0 553545
cfn=(5330)
calls=110709 0 
0 796873580
0 110709
0 1905931
cfn=(5352)
calls=110709 0 
0 408154206
0 110709
0 29306575
cfn=(5330)
calls=2745 0 
0 27341219
0 2745
0 72265
cfn=(5330)
calls=14453 0 
0 112885893
0 14453
0 915138
cob=(5)
cfi=(5)
cfn=(5070)
calls=112048 0 
0 11652992
0 112048
0 9148132

fn=(5380) ResvAdjust
0 22240

fn=(5418) CRC_update_lookup
0 1585700

fn=(5426) reduce_side
0 22986

fn=(5486) freegfc
0 3865
cob=(1)
cfi=(1)
cfn=(3977)
calls=1 0 
0 756
0 5
0 8
cob=(2)
cfi=(2)
cfn=(4402)
calls=1 0 
0 176
0 1
0 4
cob=(2)
cfi=(2)
cfn=(4402)
calls=1 0 
0 54
0 1
0 4
cob=(2)
cfi=(2)
cfn=(4402)
calls=1 0 
0 185
0 1
0 4
cob=(2)
cfi=(2)
cfn=(4402)
calls=1 0 
0 181
0 1
0 2
cob=(1)
cfi=(1)
cfn=(3977)
calls=1 0 
0 618
0 5
0 8
cob=(2)
cfi=(2)
cfn=(4402)
calls=1 0 
0 155
0 1
0 6
cob=(2)
cfi=(2)
cfn=(4402)
calls=1 0 
0 181
0 1
0 2
cob=(2)
cfi=(2)
cfn=(4402)
calls=1 0 
0 151
0 1
0 5
cob=(2)
cfi=(2)
cfn=(4402)
calls=1 0 
0 151
0 1

fn=(4820) lame_set_bWriteVbrTag
0 6
cfn=(4790)
calls=1 0 
0 6
0 1
0 10

fn=(4862) has_SSE2
0 2

fn=(4898) init_bit_stream_w
0 7
cob=(2)
cfi=(2)
cfn=(4598)
calls=1 0 
0 288
0 1
0 5

fn=(4912) apply_abr_preset
0 128
cfn=(4868) nearestBitrateFullIndex
calls=1 0 
0 35
0 1
0 4
cob=(1)
cfi=(1)
cfn=(3977)
calls=1 0 
0 614
0 5
0 3
cfn=(4904) lame_set_VBR_mean_bitrate_kbps
calls=1 0 
0 21
0 1
0 2
cob=(1)
cfi=(1)
cfn=(3977)
calls=1 0 
0 714
0 5
0 6
cfn=(4904)
calls=1 0 
0 21
0 1
0 2
cfn=(4922) lame_get_VBR_mean_bitrate_kbps
calls=1 0 
0 15
0 1
0 6
cfn=(4904)
calls=1 0 
0 21
0 1
0 2
cfn=(4922)
calls=1 0 
0 15
0 1
0 3
cob=(1)
cfi=(1)
cfn=(3977)
calls=1 0 
0 626
0 5
0 11
cob=(1)
cfi=(1)
cfn=(3977)
calls=1 0 
0 639
0 5
0 4
cob=(1)
cfi=(1)
cfn=(3977)
calls=1 0 
0 650
0 5
0 9
cob=(1)
cfi=(1)
cfn=(3977)
calls=1 0 
0 724
0 5
0 9
cob=(1)
cfi=(1)
cfn=(3977)
calls=1 0 
0 619
0 5
0 8
cob=(1)
cfi=(1)
cfn=(3977)
calls=1 0 
0 711
0 5
0 8
cob=(1)
cfi=(1)
cfn=(3977)
calls=1 0 
0 691
0 5
0 9
cob=(1)
cfi=(1)
cfn=(3977)
calls=1 0 
0 619
0 5
0 3
cob=(1)
cfi=(1)
cfn=(3977)
calls=1 0 
0 631
0 5
0 2
cob=(1)
cfi=(1)
cfn=(3977)
calls=1 0 
0 705
0 5
0 7
cob=(1)
cfi=(1)
cfn=(3977)
calls=1 0 
0 647
0 5
0 6
cob=(1)
cfi=(1)
cfn=(3977)
calls=1 0 
0 639
0 5
0 8
cob=(1)
cfi=(1)
cfn=(3977)
calls=1 0 
0 676
0 5
0 27
cob=(1)
cfi=(1)
cfn=(3977)
calls=1 0 
0 671
0 5
0 6
cob=(1)
cfi=(1)
cfn=(3977)
calls=1 0 
0 703
0 5
0 11
cob=(1)
cfi=(1)
cfn=(3977)
calls=1 0 
0 707
0 5
0 5
cob=(1)
cfi=(1)
cfn=(3977)
calls=1 0 
0 692
0 5
0 6
cob=(1)
cfi=(1)
cfn=(3977)
calls=1 0 
0 626
0 5
0 5
cob=(1)
cfi=(1)
cfn=(3977)
calls=1 0 
0 707
0 5
0 5
cob=(1)
cfi=(1)
cfn=(3977)
calls=1 0 
0 695
0 5
0 5
cob=(1)
cfi=(1)
cfn=(3977)
calls=1 0 
0 656
0 5
0 5
cob=(1)
cfi=(1)
cfn=(3977)
calls=1 0 
0 673
0 5
0 5
cob=(1)
cfi=(1)
cfn=(3977)
calls=1 0 
0 643
0 5
0 5
cob=(1)
cfi=(1)
cfn=(3977)
calls=1 0 
0 651
0 5
0 1

fn=(5106)
0 40603
cfn=(5108) ATHformula_GB
calls=2137 0 
0 733763

fn=(5156)
0 40
cob=(2)
cfi=(2)
cfn=(4684)
calls=1 0 
0 16402
cob=(1)
cfi=(1)
cfn=(3977)
calls=1 0 
0 17163
0 6
0 152564
cob=(5)
cfi=(5)
cfn=(5114)
calls=1033 0 
0 36155
0 1033
0 110528
cob=(2)
cfi=(2)
cfn=(4598)
calls=2 0 
0 3341
0 2
0 1674
cob=(2)
cfi=(2)
cfn=(4348)
calls=102 0 
0 1119
cob=(1)
cfi=(1)
cfn=(3977)
calls=1 0 
0 843
0 107
0 436

fn=(5186) init_fft
0 17
cob=(5)
cfi=(5)
cfn=(4874)
calls=1 0 
0 66
0 1
0 8176
cob=(5)
cfi=(5)
cfn=(4874)
calls=1022 0 
0 92247
0 1022
0 6138
cob=(5)
cfi=(5)
cfn=(4874)
calls=1023 0 
0 97160
0 1023
0 12285
cob=(5)
cfi=(5)
cfn=(4874)
calls=1 0 
0 66
0 1
0 756
cob=(5)
cfi=(5)
cfn=(4874)
calls=126 0 
0 10298
0 126
0 1151

fn=(5202) lame_encode_buffer_sample_t
0 35250
cfn=(5208) copy_buffer
calls=1409 0 
0 21135
cob=(1)
cfi=(1)
cfn=(3977)
calls=1 0 
0 602
0 1414
0 70580
cfn=(5214)
calls=1409 0 
0 1396915
cob=(1)
cfi=(1)
cfn=(3977)
calls=1 0 
0 2249
0 1414
0 47720
cfn=(5226) lame_encode_mp3_frame
calls=1389 0 
0 4450119689
cob=(1)
cfi=(1)
cfn=(3976)
calls=1 0 
0 4301008
0 1394
0 4735060

fn=(5208)
0 34927
cob=(2)
cfi=(2)
cfn=(4348)
calls=1391 0 
0 97737
0 1391
0 23780
cfn=(5416) UpdateMusicCRC
calls=1390 0 
0 1594367
cob=(1)
cfi=(1)
cfn=(3977)
calls=1 0 
0 1673
0 1395
0 9737

fn=(5306) init_outer_loop
0 1290036

fn=(5308) init_xrpow
0 150120
cfn=(5310) init_xrpow_core_c
calls=5560 0 
0 67356505
0 612240

fn=(5358)
0 49342081

fn=(5388) ResvFrameEnd
0 48668

fn=(5526) free_id3tag
0 31

fn=(4844) has_3DNow
0 2

fn=(4962) lame_get_msfix
0 6
cfn=(4790)
calls=2 0 
0 12
0 2
0 12

fn=(5010) lame_get_maskingadjust
0 3
cfn=(4790)
calls=1 0 
0 6
0 1
0 6

fn=(5094) lame_init_bitstream
0 4
cfn=(4790)
calls=1 0 
0 6
0 1
0 123

fn=(5192) get_max_frame_buffer_size_by_constraint
0 18

fn=(5200) update_inbuffer_size
0 15515
cob=(2)
cfi=(2)
cfn=(4598)
calls=1 0 
0 4821
0 1
0 5
cob=(2)
cfi=(2)
cfn=(4598)
calls=1 0 
0 4821
0 1
0 14102

fn=(5240) L3psycho_anal_vbr
0 114533404
cfn=(5258) convert_partition2scalefac
calls=1176 0 
0 989016
0 499951720
cob=(2)
cfi=(2)
cfn=(4684)
calls=11120 0 
0 155680
0 11120
0 55600
cob=(2)
cfi=(2)
cfn=(4684)
calls=11120 0 
0 155680
0 11120
0 130668
cfn=(5258)
calls=2780 0 
0 3755780
0 58380
cfn=(5258)
calls=8340 0 
0 11267340
0 100080
cfn=(5258)
calls=11120 0 
0 12421040
0 23034348
cfn=(5264) fft_short
calls=195 0 
0 5909280
cob=(1)
cfi=(1)
cfn=(3977)
calls=1 0 
0 30879
0 200
0 22504820
cfn=(5246)
calls=5559 0 
0 268099452
cob=(1)
cfi=(1)
cfn=(3977)
calls=1 0 
0 48795
0 5564
0 44640
cfn=(5266) vbrpsy_compute_MS_thresholds
calls=294 0 
0 499540
0 112512
cob=(5)
cfi=(5)
cfn=(5088)
calls=390 0 
0 24570
0 390
0 5265
cob=(5)
cfi=(5)
cfn=(5088)
calls=195 0 
0 12285
0 195
0 7438895
cob=(5)
cfi=(5)
cfn=(5088)
calls=598 0 
0 37674
0 598
0 727362
cob=(5)
cfi=(5)
cfn=(5088)
calls=208 0 
0 13104
0 208
0 5616
cob=(5)
cfi=(5)
cfn=(5088)
calls=572 0 
0 36036
0 572
0 1159808
cob=(5)
cfi=(5)
cfn=(5088)
calls=208 0 
0 13104
0 208
0 364
cob=(5)
cfi=(5)
cfn=(5088)
calls=182 0 
0 11466
0 182
0 12477748
cob=(5)
cfi=(5)
cfn=(5088)
calls=169 0 
0 10647
0 169
0 390
cob=(5)
cfi=(5)
cfn=(5088)
calls=195 0 
0 12285
0 195
0 4238
cob=(5)
cfi=(5)
cfn=(5088)
calls=208 0 
0 13104
0 208
0 66202
cfn=(5266)
calls=2682 0 
0 7291141
0 40622

fn=(5258)
0 28433176

fn=(5280) CBR_iteration_loop
0 20850
cfn=(5286) ResvFrameBegin
calls=1389 0 
0 98619
cob=(1)
cfi=(1)
cfn=(3977)
calls=1 0 
0 1269
0 1394
0 31970
cfn=(5298) on_pe
calls=1389 0 
0 248406
cob=(1)
cfi=(1)
cfn=(3977)
calls=1 0 
0 1315
0 1394
0 12510
cfn=(5298)
calls=1390 0 
0 249338
0 1390
0 69500
cfn=(5368) best_scalefac_store
calls=5559 0 
0 5719146
cob=(1)
cfi=(1)
cfn=(3977)
calls=1 0 
0 1681
0 5564
0 27800
cfn=(5380)
calls=5559 0 
0 22236
cob=(1)
cfi=(1)
cfn=(3977)
calls=1 0 
0 583
0 5564
0 84380
cob=(5)
cfi=(5)
cfn=(5070)
calls=196 0 
0 5880
0 196
0 21456
cob=(5)
cfi=(5)
cfn=(5070)
calls=5364 0 
0 160920
0 5364
0 27800
cfn=(5306)
calls=5560 0 
0 1290036
0 22240
cfn=(5308)
calls=5560 0 
0 68118865
0 38920
cfn=(5316) calc_xmin
calls=5559 0 
0 48797326
cob=(1)
cfi=(1)
cfn=(3977)
calls=1 0 
0 9990
0 5564
0 44480
cfn=(5324) bin_search_StepSize.isra.0
calls=5560 0 
0 216318750
0 50040
cfn=(5346)
calls=5560 0 
0 2237766540
0 22240
cfn=(5374) best_huffman_divide
calls=5559 0 
0 475594237
cob=(1)
cfi=(1)
cfn=(3977)
calls=1 0 
0 3355
0 5564
0 29190
cfn=(5388)
calls=1389 0 
0 48632
cob=(1)
cfi=(1)
cfn=(3977)
calls=1 0 
0 627
0 1394
0 630896
cfn=(5426)
calls=353 0 
0 22921
cob=(1)
cfi=(1)
cfn=(3976)
calls=1 0 
0 652
0 358
0 708

fn=(5324)
0 322005
cfn=(5330)
calls=13312 0 
0 132526099
0 13312
0 27800
cfn=(5330)
calls=5559 0 
0 54651530
cob=(1)
cfi=(1)
cfn=(3977)
calls=1 0 
0 8841
0 5564
0 273776
cfn=(5330)
calls=2887 0 
0 28361515
0 2887
0 125421

fn=(5352)
0 439544889

fn=(5362) count_bit_null
0 54

fn=(5394) format_bitstream
0 15290
cfn=(5292) getframebits
calls=1390 0 
0 29190
0 1390
0 15290
cfn=(5396) encodeSideInfo2
calls=1390 0 
0 3085728
0 2872728
cob=(2)
cfi=(2)
cfn=(4348)
calls=22 0 
0 242
0 22
0 729027
cfn=(5404) drain_into_ancillary
calls=1390 0 
0 204073
0 15290
cfn=(5410) compute_flushbits
calls=1389 0 
0 93313
cob=(1)
cfi=(1)
cfn=(3977)
calls=1 0 
0 687
0 1394
0 2597138
cob=(2)
cfi=(2)
cfn=(4348)
calls=26 0 
0 286
0 26
0 647180
cfn=(5400) LongHuffmancodebits
calls=5364 0 
0 79855628
0 15700579
cob=(2)
cfi=(2)
cfn=(4348)
calls=499 0 
0 5489
0 499
0 1829121
cfn=(5402) Huffmancode
calls=196 0 
0 641114
0 1372
cfn=(5402)
calls=196 0 
0 5200142
0 9401

fn=(5396)
0 26410
cob=(2)
cfi=(2)
cfn=(4684)
calls=1390 0 
0 15290
0 1390
0 3042638

fn=(5402)
0 45508777
cob=(2)
cfi=(2)
cfn=(4348)
calls=645 0 
0 7095
0 645
0 19935663
cob=(2)
cfi=(2)
cfn=(4348)
calls=198 0 
0 2178
0 198
0 19931216

fn=(4784) lame_set_num_channels
0 6
cob=(1)
cfi=(1)
cfn=(3977)
calls=1 0 
0 681
0 5
0 11

fn=(4808) lame_set_quality
0 6
cfn=(4790)
calls=1 0 
0 6
0 1
0 14

fn=(4850) has_MMX
0 2

fn=(4950) lame_get_quant_comp_short
0 6
cfn=(4790)
calls=2 0 
0 12
0 2
0 10

fn=(5040) lame_set_ATHlower
0 5
cfn=(4790)
calls=1 0 
0 6
0 1
0 8

fn=(5052) lame_set_ATHcurve
0 5
cfn=(4790)
calls=1 0 
0 6
0 1
0 8

fn=(5076) lame_get_exp_nspsytune
0 3
cfn=(4790)
calls=1 0 
0 6
0 1
0 5

fn=(5198)
0 15488
cfn=(4790)
calls=1408 0 
0 8448
0 1408
0 7040
cfn=(4838) is_lame_internal_flags_valid
calls=1408 0 
0 15488
0 1408
0 9856
cfn=(5200)
calls=1408 0 
0 39224
0 10273216
cfn=(5202)
calls=1408 0 
0 4450861414

fn=(5416)
0 5564
cfn=(5418)
calls=1391 0 
0 1585700
0 4173

fn=(5480) lame_close
0 22
cob=(1)
cfi=(1)
cfn=(3977)
calls=1 0 
0 7097
0 5
0 12
cob=(2)
cfi=(2)
cfn=(4402)
calls=1 0 
0 79
0 1
0 2

fn=(4910) apply_preset
0 24
cfn=(4912)
calls=1 0 
0 17919

fn=(4938) lame_get_quant_comp
0 6
cfn=(4790)
calls=2 0 
0 12
0 2
0 10

fn=(4998) lame_get_scale
0 3
cfn=(4790)
calls=1 0 
0 6
0 1
0 6

fn=(5226)
0 188872
cfn=(5240)
calls=2779 0 
0 992631482
cob=(1)
cfi=(1)
cfn=(3977)
calls=1 0 
0 660658
0 2784
0 103937
cfn=(5232) mdct_sub48
calls=1390 0 
0 289299764
0 1390
0 22343
cfn=(5394)
calls=1389 0 
0 113481951
cob=(1)
cfi=(1)
cfn=(3977)
calls=1 0 
0 70303
0 1394
0 6950
cfn=(5208)
calls=1390 0 
0 1743224
0 1390
0 36140
cob=(2)
cfi=(2)
cfn=(4348)
calls=1389 0 
0 29169
cob=(1)
cfi=(1)
cfn=(3977)
calls=1 0 
0 742
0 1394
0 94520
cfn=(5280)
calls=1389 0 
0 3052842615
cob=(1)
cfi=(1)
cfn=(3977)
calls=1 0 
0 2808062
0 1394
0 176700
cob=(1)
cfi=(1)
cfn=(3977)
calls=1 0 
0 196703
0 5
0 6173
cob=(2)
cfi=(2)
cfn=(4684)
calls=1 0 
0 4626
0 1
0 4
cob=(2)
cfi=(2)
cfn=(4684)
calls=1 0 
0 4626
0 1
0 13
cob=(2)
cfi=(2)
cfn=(4348)
calls=1 0 
0 352
0 1
0 5
cob=(2)
cfi=(2)
cfn=(4348)
calls=1 0 
0 352
0 1
0 9

fn=(5232)
0 82069
cfn=(5234) window_subband
calls=2782 0 
0 6073106
0 22256
cfn=(5234)
calls=2782 0 
0 6073106
0 133536
cfn=(5234)
calls=44512 0 
0 97169696
0 200304
cfn=(5234)
calls=50076 0 
0 109315908
0 70425907

fn=(5266)
0 7790681

fn=(5286)
0 8340
cfn=(5292)
calls=1389 0 
0 29169
cob=(1)
cfi=(1)
cfn=(3977)
calls=1 0 
0 612
0 1394
0 59770

fn=(5310)
0 67356505

fn=(5322) athAdjust
0 8854692
cob=(5)
cfi=(5)
cfn=(5088)
calls=114996 0 
0 7244748
0 114996

fn=(5374)
0 4144516
cfn=(5340) choose_table_nonMMX
calls=5102 0 
0 656211
0 817311
cfn=(5340)
calls=74301 0 
0 43204472
0 4856044
cfn=(5340)
calls=511248 0 
0 226651728
0 7057037
cfn=(5340)
calls=82327 0 
0 118941672
0 12846889
cfn=(5340)
calls=232 0 
0 98579
0 2554
cfn=(5340)
calls=232 0 
0 591586
0 551615
cfn=(5340)
calls=38780 0 
0 54211689
0 965054

fn=(5400)
0 187740
cfn=(5402)
calls=5364 0 
0 14743864
0 37548
cfn=(5402)
calls=5364 0 
0 23930736
0 37548
cfn=(5402)
calls=5364 0 
0 40869916
0 48276

fn=(5444) lame_encode_buffer
0 28
cfn=(4790)
calls=2 0 
0 12
0 2
0 10
cfn=(4838)
calls=2 0 
0 22
0 2
0 14
cfn=(5200)
calls=2 0 
0 42
0 7442
cfn=(5202)
calls=2 0 
0 9873016

fn=(4586) init_log_table
0 15
cob=(1)
cfi=(1)
cfn=(3977)
calls=1 0 
0 666
0 5
0 3072
cob=(5)
cfi=(5)
cfn=(4592)
calls=512 0 
0 23387
0 512
0 3083

fn=(4832) lame_init_params
0 11
cfn=(4790)
calls=1 0 
0 6
0 1
0 7
cob=(1)
cfi=(1)
cfn=(3977)
calls=1 0 
0 694
0 5
0 617
cob=(1)
cfi=(1)
cfn=(3977)
calls=1 0 
0 711
0 5
0 136
cob=(1)
cfi=(1)
cfn=(3977)
calls=1 0 
0 604
0 5
0 11
cob=(1)
cfi=(1)
cfn=(3977)
calls=1 0 
0 924
0 5
0 133
cob=(1)
cfi=(1)
cfn=(3977)
calls=1 0 
0 18534
0 5
0 48
cob=(1)
cfi=(1)
cfn=(3977)
calls=1 0 
0 577
0 5
0 3
cob=(1)
cfi=(1)
cfn=(3977)
calls=1 0 
0 565
0 5
0 7
cob=(1)
cfi=(1)
cfn=(3977)
calls=1 0 
0 569
0 5
0 4
cob=(1)
cfi=(1)
cfn=(3977)
calls=1 0 
0 565
0 5
0 400
cob=(1)
cfi=(1)
cfn=(3977)
calls=1 0 
0 692
0 5
0 8
cfn=(4938)
calls=1 0 
0 15
0 1
0 4
cfn=(4950)
calls=1 0 
0 15
0 1
0 4
cfn=(4962)
calls=1 0 
0 16
0 1
0 5
cob=(1)
cfi=(1)
cfn=(3977)
calls=1 0 
0 674
0 5
0 4
cob=(1)
cfi=(1)
cfn=(3977)
calls=1 0 
0 672
0 5
0 23
cob=(1)
cfi=(1)
cfn=(3977)
calls=1 0 
0 826
0 5
0 94
cob=(1)
cfi=(1)
cfn=(3977)
calls=1 0 
0 777
0 5
0 2
cob=(1)
cfi=(1)
cfn=(3977)
calls=1 0 
0 2477293
0 5
0 2
cob=(1)
cfi=(1)
cfn=(3977)
calls=1 0 
0 1589404
0 5
0 3
cob=(1)
cfi=(1)
cfn=(3977)
calls=1 0 
0 781
0 5
0 25
cob=(1)
cfi=(1)
cfn=(3977)
calls=1 0 
0 728
0 5
0 37
cob=(1)
cfi=(1)
cfn=(3977)
calls=1 0 
0 694
0 5
0 34
cob=(1)
cfi=(1)
cfn=(3977)
calls=1 0 
0 855
0 5
0 5
cob=(1)
cfi=(1)
cfn=(3977)
calls=1 0 
0 658
0 5
0 8

fn=(4838)
0 15528

fn=(4856) has_SSE
0 2

fn=(4880) SmpFrqIndex
0 9

fn=(4904)
0 24
cfn=(4790)
calls=4 0 
0 24
0 4
0 32

fn=(5004) lame_set_scale
0 5
cfn=(4790)
calls=1 0 
0 6
0 1
0 8

fn=(5016) lame_set_maskingadjust
0 5
cfn=(4790)
calls=1 0 
0 6
0 1
0 8

fn=(5022) lame_get_maskingadjust_short
0 3
cfn=(4790)
calls=1 0 
0 6
0 1
0 6

fn=(5220)
0 21165

fn=(5234)
0 218631816

fn=(5248)
0 232833860

fn=(5316)
0 169224
cfn=(5322)
calls=5363 0 
0 756183
cob=(1)
cfi=(1)
cfn=(3977)
calls=1 0 
0 716
0 5368
0 643680
cfn=(5322)
calls=107280 0 
0 15126480
0 107280
0 30606008
cfn=(5322)
calls=196 0 
0 27636
0 196
0 17248
cfn=(5322)
calls=2156 0 
0 303996
0 2156
0 1040570

fn=(5330)
0 277869065
cob=(2)
cfi=(2)
cfn=(4684)
calls=210990 0 
0 9950204
0 210990
0 265705790
cfn=(5338) noquant_count_bits
calls=210989 0 
0 783387696
cob=(1)
cfi=(1)
cfn=(3977)
calls=1 0 
0 2329
0 210994
0 2767959
cfn=(5332) quantize_lines_xrpow
calls=307551 0 
0 48034904
0 2105594
cfn=(5332)
calls=37184 0 
0 52853780
0 3176964
cfn=(5332)
calls=210990 0 
0 268087888
0 843960

fn=(5332)
0 368976572

fn=(5340)
0 383839956
cfn=(5362)
calls=27 0 
0 54
cfn=(5360) count_bit_noESC
calls=15102 0 
0 2965620
cfn=(5344) count_bit_noESC_from3
calls=854831 0 
0 377498172
cfn=(5342) count_bit_noESC_from2
calls=341837 0 
0 151888881
0 2031716

fn=(5410)
0 33499
cfn=(5292)
calls=631 0 
0 13251
0 631
0 1520
cfn=(5292)
calls=760 0 
0 15960
0 760
0 27820

fn=(5470) save_gain_values
0 12

fn=(4578) lame_init
0 4
cob=(1)
cfi=(1)
cfn=(3977)
calls=1 0 
0 31359
0 5
0 3
cob=(1)
cfi=(1)
cfn=(3977)
calls=1 0 
0 1089
0 5
0 7
cob=(1)
cfi=(1)
cfn=(3977)
calls=1 0 
0 588
0 5
0 37
cob=(2)
cfi=(2)
cfn=(4598)
calls=1 0 
0 30329
0 1
0 19
cob=(2)
cfi=(2)
cfn=(4598)
calls=1 0 
0 3053
0 1
0 6
cob=(2)
cfi=(2)
cfn=(4598)
calls=1 0 
0 388
0 1
0 9

fn=(4814) lame_set_VBR
0 12
cfn=(4790)
calls=2 0 
0 12
0 2
0 20

fn=(4922)
0 9
cfn=(4790)
calls=3 0 
0 18
0 3
0 15

fn=(4980) lame_set_short_threshold_lrm
0 5
cfn=(4790)
calls=1 0 
0 6
0 1
0 8

fn=(4992) lame_set_short_threshold_s
0 5
cfn=(4790)
calls=1 0 
0 6
0 1
0 8

fn=(5028) lame_set_maskingadjust_short
0 5
cfn=(4790)
calls=1 0 
0 6
0 1
0 8

fn=(5046) lame_get_ATHcurve
0 3
cfn=(4790)
calls=1 0 
0 6
0 1
0 6

fn=(5058) lame_get_interChRatio
0 3
cfn=(4790)
calls=1 0 
0 6
0 1
0 19

fn=(5064) lame_set_interChRatio
0 5
cfn=(4790)
calls=1 0 
0 6
0 1
0 14

fn=(5100) iteration_init
0 309
cfn=(5106)
calls=21 0 
0 7602
cob=(1)
cfi=(1)
cfn=(3977)
calls=1 0 
0 1712
0 26
0 3324
cfn=(5106)
calls=554 0 
0 200548
0 554
0 2388
cfn=(5106)
calls=6 0 
0 2172
0 6
0 912
cfn=(5106)
calls=152 0 
0 55024
0 152
0 795
cfn=(5106)
calls=13 0 
0 4706
0 13
0 1074
cfn=(5106)
calls=179 0 
0 64798
0 179
0 1003
cfn=(5106)
calls=6 0 
0 2172
0 6
0 300
cfn=(5106)
calls=50 0 
0 18100
0 50
0 290
cfn=(5106)
calls=1 0 
0 363
0 1
0 10
cob=(5)
cfi=(5)
cfn=(5088)
calls=1 0 
0 63
0 1
0 2
cob=(1)
cfi=(1)
cfn=(3977)
calls=1 0 
0 741
0 5
0 12
cob=(5)
cfi=(5)
cfn=(5070)
calls=1 0 
0 77
0 1
0 41030
cob=(5)
cfi=(5)
cfn=(5070)
calls=8206 0 
0 853424
0 8206
0 41044
cob=(5)
cfi=(5)
cfn=(5070)
calls=1 0 
0 104
0 1
0 49236
cob=(5)
cfi=(5)
cfn=(5070)
calls=8206 0 
0 853424
0 8206
0 73875
cob=(5)
cfi=(5)
cfn=(5070)
calls=1 0 
0 104
0 1
0 1792
cob=(5)
cfi=(5)
cfn=(5070)
calls=256 0 
0 26550
0 256
0 1039
cob=(5)
cfi=(5)
cfn=(5070)
calls=1 0 
0 104
0 1
0 2611
cob=(5)
cfi=(5)
cfn=(5070)
calls=373 0 
0 38718
0 373
0 1498
cob=(1)
cfi=(1)
cfn=(3977)
calls=1 0 
0 29331
0 5
0 2
cob=(1)
cfi=(1)
cfn=(3977)
calls=1 0 
0 642
0 5
0 7
cob=(5)
cfi=(5)
cfn=(5088)
calls=1 0 
0 63
0 1
0 14
cob=(5)
cfi=(5)
cfn=(5088)
calls=1 0 
0 63
0 1
0 14
cob=(5)
cfi=(5)
cfn=(5088)
calls=1 0 
0 63
0 1
0 14
cob=(5)
cfi=(5)
cfn=(5088)
calls=1 0 
0 63
0 1
0 7
cob=(5)
cfi=(5)
cfn=(5088)
calls=1 0 
0 63
0 1
0 10
cob=(5)
cfi=(5)
cfn=(5088)
calls=1 0 
0 63
0 1
0 8
cob=(5)
cfi=(5)
cfn=(5088)
calls=1 0 
0 63
0 1
0 7
cob=(5)
cfi=(5)
cfn=(5088)
calls=1 0 
0 63
0 1
0 4041
cob=(5)
cfi=(5)
cfn=(5088)
calls=576 0 
0 36288
0 576
0 4313
cob=(5)
cfi=(5)
cfn=(5088)
calls=192 0 
0 12096
0 192
0 2271
cob=(5)
cfi=(5)
cfn=(5088)
calls=158 0 
0 9954
0 158
0 1207
cob=(5)
cfi=(5)
cfn=(5088)
calls=56 0 
0 3528
0 56
0 344

fn=(5134) init_xrpow_core_init
0 3

fn=(5298)
0 55600
cfn=(5304) ResvMaxBits
calls=2779 0 
0 125713
cob=(1)
cfi=(1)
cfn=(3977)
calls=1 0 
0 633
0 2784
0 313778

fn=(5304)
0 125759

fn=(5450) flush_bitstream
0 13
cfn=(5410)
calls=1 0 
0 64
0 1
0 5
cfn=(5404)
calls=1 0 
0 55443
0 6
cfn=(5292)
calls=1 0 
0 21
0 1
0 12

fn=(5456) get_lame_short_version
0 2

fn=(4968) lame_set_msfix
0 6
cfn=(4790)
calls=1 0 
0 6
0 1
0 10

fn=(5082) lame_set_exp_nspsytune
0 6
cfn=(4790)
calls=1 0 
0 6
0 1
0 8

fn=(5108)
0 42731
cob=(5)
cfi=(5)
cfn=(5070)
calls=2136 0 
0 222144
0 2136
0 8
cob=(5)
cfi=(5)
cfn=(5070)
calls=1 0 
0 104
0 1
0 12822
cob=(5)
cfi=(5)
cfn=(5114)
calls=2136 0 
0 74760
cob=(1)
cfi=(1)
cfn=(3977)
calls=1 0 
0 802
0 2141
0 14959
cob=(5)
cfi=(5)
cfn=(5114)
calls=2137 0 
0 74795
0 2137
0 8548
cob=(5)
cfi=(5)
cfn=(5070)
calls=2137 0 
0 222248
0 2137
0 51290

fn=(5344)
0 377498172

fn=(5360)
0 2965620

fn=(5368)
0 4450879
cfn=(5358)
calls=107 0 
0 45939
0 107
0 224744
cob=(2)
cfi=(2)
cfn=(4684)
calls=267 0 
0 2670
0 267
0 995586

fn=(4702) disable_FPE
0 1

fn=(4790)
0 8742

fn=(4802) lame_set_brate
0 12
cfn=(4790)
calls=2 0 
0 12
0 2
0 20

fn=(4868)
0 70

fn=(4886) FindNearestBitrate
0 228

fn=(4956) lame_set_quant_comp_short
0 6
cfn=(4790)
calls=1 0 
0 6
0 1
0 8

fn=(5128) huffman_init
0 28732

fn=(5154)
0 68
cfn=(5146)
calls=2 0 
0 240
0 2
0 808
cfn=(5146)
calls=101 0 
0 15512
0 101
0 618
cfn=(5146)
calls=103 0 
0 15775
0 103
0 927
cfn=(5146)
calls=103 0 
0 15714
0 103
0 721
cfn=(5146)
calls=103 0 
0 15804
0 103
0 531

fn=(5264)
0 1329272
cfn=(5248)
calls=588 0 
0 4606980
0 3332

fn=(5292)
0 87612

fn=(5338)
0 299854308
cfn=(5340)
calls=97 0 
0 9576
0 2108570
cfn=(5340)
calls=210857 0 
0 68949471
0 2530963
cfn=(5340)
calls=210857 0 
0 202407879
0 3923863
cfn=(5340)
calls=183872 0 
0 202501536
0 1103232

fn=(5342)
0 151888881

fn=(5404)
0 257154
cob=(1)
cfi=(1)
cfn=(3977)
calls=1 0 
0 653
0 5
0 4
cob=(1)
cfi=(1)
cfn=(3977)
calls=1 0 
0 739
0 5
0 28
cob=(2)
cfi=(2)
cfn=(5462)
calls=14 0 
0 182
0 14
0 732

fn=(5438) lame_encode_flush
0 14
cfn=(4790)
calls=1 0 
0 6
0 1
0 6
cfn=(4838)
calls=1 0 
0 11
0 1
0 599
cfn=(5220)
calls=1 0 
0 15
0 1
0 77
cfn=(5444)
calls=1 0 
0 6915382
cob=(1)
cfi=(1)
cfn=(3977)
calls=1 0 
0 2965835
0 6
0 47
cob=(1)
cfi=(1)
cfn=(3977)
calls=1 0 
0 56177
0 5
0 5
cfn=(5208)
calls=1 0 
0 633
0 1
0 3
cfn=(5470)
calls=1 0 
0 12
0 24

ob=(5)
fl=(5)
fn=(5114)
0 185780

fn=(5120) log10
0 4
cfn=(5122) __log10_finite
calls=1 0 
0 79

fn=(5122)
0 27
cfn=(4592)
calls=1 0 
0 46
0 6

fn=(5152)
0 267056

fn=(4592)
0 25284

fn=(5088)
0 7498008

fn=(5070)
0 14184661

fn=(4874)
0 209079

totals: 4478890977
