# callgrind format
version: 1
creator: callgrind-3.28.0.GIT
pid: 14914
cmd:  profiling/20260705-221907-callgrind-lto-probe/bench_local testcase.wav 64
part: 1


desc: I1 cache: 
desc: D1 cache: 
desc: LL cache: 

desc: Timerange: Basic block 0 - 530296147
desc: Trigger: Program termination

positions: line
events: Ir
summary: 4378458933


ob=(2) /usr/lib/libc.so.6
fl=(2) ???
fn=(4172) sbrk
0 16
cfn=(4174) brk
calls=2 0 
0 8
0 6

fn=(4506) 0x00000000000b2290
0 479
cfn=(4648) 0x00000000000b0930
calls=4 0 
0 63
0 190
cfn=(4648)
calls=1 0 
0 18
0 457

fn=(4066) malloc
0 32
cfn=(4114) 0x00000000000b26e0
calls=5 0 
0 119
0 8

fn=(4728) 0x00000000000b1900
0 32
cfn=(4732) mmap
calls=2 0 
0 44
0 28
cfn=(4742) 0x00000000001355d0
calls=2 0 
0 59
0 58

fn=(5062) munmap
0 10

fn=(3202) memset
0 19

fn=(4732)
0 44

fn=(4742)
0 34
cob=(1) /usr/lib/ld-linux-x86-64.so.2
cfi=(1) ???
cfn=(218) __tunable_get_val
calls=1 0 
0 17
0 1
0 7

fn=(3922) (below main)
cfn=(3954) 0x0000000000026370
calls=1 0 
0 4378458933

fn=(4348) 0x0000000000190240
0 1424938

fn=(4592) calloc
0 344
cfn=(4114)
calls=10 0 
0 2068
0 284
cfn=(4678) 0x0000000000190c40
calls=8 0 
0 56090
0 8

fn=(3254) memmove
0 17

fn=(4402) free
0 182
cfn=(4506)
calls=12 0 
0 1207
0 63
cfn=(5056) 0x00000000000b01f0
calls=1 0 
0 32
0 2
cfn=(5056)
calls=1 0 
0 32
0 10

fn=(4648)
0 141

fn=(4678)
0 10377670

fn=(3954)
cob=(7) /home/me/projects/lame/profiling/20260705-221907-callgrind-lto-probe/bench_local
cfi=(7) ???
cfn=(3968) main
calls=1 0 
0 4378458933

fn=(5056)
0 54
cfn=(5062)
calls=2 0 
0 10

fn=(4114)
0 1538
cfn=(4648)
calls=2 0 
0 60
0 220
cfn=(4728)
calls=2 0 
0 221
0 15

ob=(7)
fl=(7)
fn=(4572) run_encode
0 13
cob=(1)
cfi=(1)
cfn=(3976) 0x0000000000016960
calls=1 0 
0 66260
0 5
0 6
cob=(1)
cfi=(1)
cfn=(3976)
calls=1 0 
0 693
0 5
0 6
cob=(1)
cfi=(1)
cfn=(3976)
calls=1 0 
0 687
0 5
0 5
cob=(1)
cfi=(1)
cfn=(3976)
calls=1 0 
0 651
0 5
0 5
cob=(1)
cfi=(1)
cfn=(3976)
calls=1 0 
0 656
0 5
0 5
cob=(1)
cfi=(1)
cfn=(3976)
calls=1 0 
0 627
0 5
0 5
cob=(1)
cfi=(1)
cfn=(3976)
calls=1 0 
0 683
0 5
0 2

ob=(2)
fl=(2)
fn=(4114)
0 79
cfn=(4170) __default_morecore
calls=2 0 
0 38
0 13

ob=(7)
fl=(7)
fn=(4572)
0 3
cob=(1)
cfi=(1)
cfn=(3976)
calls=1 0 
0 740
0 5
0 2
cob=(1)
cfi=(1)
cfn=(3976)
calls=1 0 
0 4049474
0 5
0 4
cob=(2)
cfi=(2)
cfn=(4066)
calls=1 0 
0 159
0 1
0 36
cob=(1)
cfi=(1)
cfn=(3976)
calls=1 0 
0 21689
0 5
0 1323
cob=(6) /home/me/projects/lame/build-callgrind-lto/libmp3lame/libmp3lame.so.0
cfi=(6) ???
cfn=(4908) lame_encode_buffer_interleaved
calls=63 0 
0 170909471
0 63
0 22848
cob=(6)
cfi=(6)
cfn=(4908)
calls=1344 0 
0 4189919215
0 1344
0 3502736
cob=(1)
cfi=(1)
cfn=(3976)
calls=1 0 
0 9944754
0 5
0 7175
cob=(1)
cfi=(1)
cfn=(3976)
calls=1 0 
0 851
0 5
0 2
cob=(1)
cfi=(1)
cfn=(3976)
calls=1 0 
0 6664
0 5
0 10

fn=(3968)
cfn=(4572)
calls=1 0 
0 4378458933

ob=(2)
fl=(2)
fn=(4114)
0 3

fn=(3210) memcpy
0 17

fn=(4170)
0 4
cfn=(4172)
calls=3 0 
0 30
0 4

fn=(4174)
0 8

ob=(7)
fl=(7)
fn=(3920) (below main)
cob=(2)
cfi=(2)
cfn=(3922)
calls=1 0 
0 4378458933

ob=(1)
fl=(1)
fn=(3020) 0x000000000000ab70
0 6255
cfn=(3050) 0x000000000000a9c0
calls=188 0 
0 2541
0 337

fn=(3978) 0x0000000000013ec0
0 1600
cfn=(3000) 0x000000000000b830
calls=33 0 
0 13580
0 856
cob=(2)
cfi=(2)
cfn=(3254)
calls=1 0 
0 17
cob=(2)
cfi=(2)
cfn=(3210)
calls=1 0 
0 17
cob=(2)
cfi=(2)
cfn=(3202)
calls=1 0 
0 19
0 9

fn=(3976)
0 350
cfn=(3978)
calls=22 0 
0 8763
0 210

fn=(3977) 0x0000000000016960'2
0 275
cfn=(3978)
calls=11 0 
0 7335
0 165

fn=(218)
0 17

fn=(0) 0x00000000000215c0
cob=(7)
cfi=(7)
cfn=(3920)
calls=1 0 
0 4378458933

fn=(886) 0x000000000002a370
0 931

fn=(3050)
0 784
cfn=(886)
calls=97 0 
0 638
0 441
cfn=(886)
calls=140 0 
0 293
0 385

fn=(3000)
0 3246
cfn=(3020)
calls=192 0 
0 9133
0 1201

ob=(6)
fl=(6)
fn=(5010) Huffmancode
0 45508777
cob=(2)
cfi=(2)
cfn=(4348)
calls=645 0 
0 7095
0 645
0 19935663
cob=(2)
cfi=(2)
cfn=(4348)
calls=198 0 
0 2178
0 198
0 19931216

fn=(5018) reduce_side
0 22986

fn=(5034) flush_bitstream
0 40
cfn=(5002) drain_into_ancillary
calls=1 0 
0 53825
0 31

fn=(4772) lame_set_num_channels
0 11

fn=(4796) lame_set_VBR
0 9

fn=(4976) count_bit_noESC_from2
0 151888881

fn=(4994) best_scalefac_store
0 4439759
cfn=(4986) scale_bitcount
calls=107 0 
0 45945
0 222128
cob=(2)
cfi=(2)
cfn=(4678)
calls=267 0 
0 2670
0 267
0 971060

fn=(4996) best_huffman_divide
0 4139414
cfn=(4974) choose_table_nonMMX
calls=5102 0 
0 523533
0 743010
cfn=(4974)
calls=74301 0 
0 33295105
0 4856044
cfn=(4974)
calls=511248 0 
0 189749131
0 7057037
cfn=(4974)
calls=82327 0 
0 96204779
0 12844231
cfn=(4974)
calls=232 0 
0 83324
0 549638
cfn=(4974)
calls=38780 0 
0 43602659
0 966446
cfn=(4974)
calls=232 0 
0 449307
0 696

fn=(4816) optimum_bandwidth.isra.0
0 64

fn=(4910) lame_encode_buffer_template.part.0.isra.0
0 59226
cob=(2)
cfi=(2)
cfn=(4592)
calls=1 0 
0 4821
0 1
0 5
cob=(2)
cfi=(2)
cfn=(4592)
calls=1 0 
0 4821
0 1
0 19747
cfn=(4912) lame_copy_inbuffer
calls=1410 0 
0 14110446
0 78960
cfn=(4914) fill_buffer
calls=1410 0 
0 1383818
0 47720
cfn=(4916) lame_encode_mp3_frame
calls=1390 0 
0 4350282460
0 4722468

fn=(4914)
0 69090
cob=(2)
cfi=(2)
cfn=(4348)
calls=1410 0 
0 640444
0 1410
0 9870
cob=(2)
cfi=(2)
cfn=(4348)
calls=1410 0 
0 640444
0 1410
0 21150

fn=(4918) mdct_sub48
0 82069
cfn=(4920) window_subband
calls=2782 0 
0 6073106
0 22256
cfn=(4920)
calls=2782 0 
0 6073106
0 133536
cfn=(4920)
calls=44512 0 
0 97169696
0 200304
cfn=(4920)
calls=50076 0 
0 109315908
0 70425907

fn=(4950) CBR_iteration_loop
0 20850
cfn=(4952) ResvFrameBegin
calls=1390 0 
0 84790
0 31970
cfn=(4954) on_pe
calls=1390 0 
0 203829
0 9730
cfn=(4954)
calls=1390 0 
0 204539
0 65658
cfn=(4994)
calls=5560 0 
0 5681829
0 112180
cob=(5) /usr/lib/libm.so.6
cfi=(5) ???
cfn=(4832) pow
calls=196 0 
0 5880
0 196
0 21456
cob=(5)
cfi=(5)
cfn=(4832)
calls=5364 0 
0 160920
0 5364
0 27800
cfn=(4956) init_outer_loop
calls=5560 0 
0 1305324
0 22240
cfn=(4958) init_xrpow
calls=5560 0 
0 55264145
0 38920
cfn=(4962) calc_xmin
calls=5560 0 
0 45631510
0 44480
cfn=(4964) bin_search_StepSize.isra.0
calls=5560 0 
0 206076793
0 50040
cfn=(4980) outer_loop.part.0
calls=5560 0 
0 2229698015
0 22240
cfn=(4996)
calls=5560 0 
0 395064354
0 642042
cfn=(5018)
calls=354 0 
0 22986
0 65020

fn=(4962)
0 9325768
cob=(5)
cfi=(5)
cfn=(4838) powf
calls=112644 0 
0 7096572
0 112644
0 27890140
cob=(5)
cfi=(5)
cfn=(4838)
calls=2352 0 
0 148176
0 2352
0 1055858

fn=(4980)
0 528200
cfn=(4982) calc_noise
calls=5560 0 
0 35279617
0 195504987
cfn=(4986)
calls=110733 0 
0 47749323
0 277806
cfn=(4986)
calls=2049 0 
0 874732
0 7800
cfn=(4986)
calls=1560 0 
0 667202
0 42
cfn=(4986)
calls=14 0 
0 7560
0 1673498
cfn=(4988) count_bits
calls=61324 0 
0 546252905
0 553545
cfn=(4988)
calls=110709 0 
0 761033715
0 2680894
cfn=(4982)
calls=110709 0 
0 449719943
0 29336302
cfn=(4988)
calls=2745 0 
0 26526189
0 72265
cfn=(4988)
calls=14453 0 
0 108889477
0 1039540
cob=(5)
cfi=(5)
cfn=(4832)
calls=112048 0 
0 11652992
0 112048
0 9257433

fn=(5008) LongHuffmancodebits
0 187740
cfn=(5010)
calls=5364 0 
0 14743864
0 37548
cfn=(5010)
calls=5364 0 
0 23930736
0 37548
cfn=(5010)
calls=5364 0 
0 40869916
0 48276

fn=(5030) lame_encode_flush
0 5
cfn=(5032) lame_encode_flush.part.0
calls=1 0 
0 9944099

fn=(4814) lame_init_params
0 586
cob=(1)
cfi=(1)
cfn=(3977)
calls=1 0 
0 711
0 5
0 152
cob=(2)
cfi=(2)
cfn=(4592)
calls=1 0 
0 288
0 1
0 134
cfn=(4824) apply_preset
calls=1 0 
0 343
0 65
cfn=(4816)
calls=1 0 
0 64
0 24
cob=(1)
cfi=(1)
cfn=(3977)
calls=1 0 
0 692
0 5
0 60
cob=(1)
cfi=(1)
cfn=(3977)
calls=1 0 
0 815
0 5
0 220
cfn=(4862) psymodel_init
calls=1 0 
0 1543911
0 3
cfn=(4902) get_max_frame_buffer_size_by_constraint
calls=1 0 
0 18
0 344
cfn=(4840) iteration_init.part.0
calls=1 0 
0 2499973
0 413

fn=(4862)
0 72
cob=(2)
cfi=(2)
cfn=(4592)
calls=1 0 
0 11354
0 1
0 462
cfn=(4864) init_numline.constprop.0
calls=1 0 
0 137114
0 15
cfn=(4872) compute_bark_values.lto_priv.0
calls=1 0 
0 39186
0 750
cob=(5)
cfi=(5)
cfn=(4832)
calls=33 0 
0 990
0 33
0 205
cfn=(4874) init_s3_values.lto_priv.0
calls=1 0 
0 217557
0 1223
cfn=(4842) ATHformula
calls=63 0 
0 22806
0 4050
cfn=(4842)
calls=450 0 
0 162900
0 3078
cob=(5)
cfi=(5)
cfn=(4832)
calls=513 0 
0 53352
0 513
0 6192
cob=(5)
cfi=(5)
cfn=(4832)
calls=63 0 
0 6552
0 63
0 861
cob=(5)
cfi=(5)
cfn=(4870) atan
calls=1 0 
0 44
0 1
0 780
cob=(5)
cfi=(5)
cfn=(4870)
calls=39 0 
0 2579
0 39
0 280
cob=(5)
cfi=(5)
cfn=(4870)
calls=40 0 
0 2326
0 40
0 3062
cob=(5)
cfi=(5)
cfn=(4870)
calls=129 0 
0 8681
0 129
0 680
cob=(5)
cfi=(5)
cfn=(4870)
calls=40 0 
0 2623
0 40
0 1183
cob=(5)
cfi=(5)
cfn=(4870)
calls=169 0 
0 10578
0 169
0 3310
cob=(5)
cfi=(5)
cfn=(4822) cos
calls=17 0 
0 1435
0 17
0 102
cob=(5)
cfi=(5)
cfn=(4832)
calls=17 0 
0 1768
0 17
0 1004
cob=(5)
cfi=(5)
cfn=(4870)
calls=39 0 
0 2579
0 39
0 23
cob=(5)
cfi=(5)
cfn=(4870)
calls=1 0 
0 44
0 1
0 280
cob=(5)
cfi=(5)
cfn=(4870)
calls=40 0 
0 2326
0 40
0 1809
cob=(5)
cfi=(5)
cfn=(4870)
calls=13 0 
0 840
0 13
0 91
cob=(5)
cfi=(5)
cfn=(4870)
calls=13 0 
0 744
0 13
0 147
cob=(5)
cfi=(5)
cfn=(4822)
calls=6 0 
0 457
0 6
0 36
cob=(5)
cfi=(5)
cfn=(4832)
calls=6 0 
0 624
0 6
0 446
cfn=(4872)
calls=1 0 
0 25573
0 645
cob=(5)
cfi=(5)
cfn=(4832)
calls=28 0 
0 2912
0 28
0 904
cfn=(4842)
calls=40 0 
0 14480
0 801
cfn=(4842)
calls=89 0 
0 32218
0 774
cob=(5)
cfi=(5)
cfn=(4832)
calls=129 0 
0 13416
0 129
0 1681
cob=(5)
cfi=(5)
cfn=(4586) log
calls=10 0 
0 460
0 10
0 720
cob=(5)
cfi=(5)
cfn=(4832)
calls=40 0 
0 4160
0 40
0 367
cfn=(4874)
calls=1 0 
0 98887
0 6
cfn=(4900) init_fft
calls=1 0 
0 230533
0 9
cob=(5)
cfi=(5)
cfn=(4850) exp
calls=1 0 
0 35
0 1
0 351
cob=(5)
cfi=(5)
cfn=(4832)
calls=1 0 
0 104
0 1
0 33
cfn=(4842)
calls=1 0 
0 362
0 3066
cfn=(4842)
calls=511 0 
0 184982
0 2560
cob=(5)
cfi=(5)
cfn=(4832)
calls=512 0 
0 53248
0 512
0 6441
cob=(5)
cfi=(5)
cfn=(4838)
calls=1 0 
0 63
0 1
0 312
cob=(5)
cfi=(5)
cfn=(4838)
calls=39 0 
0 2457
0 39
0 169
cob=(5)
cfi=(5)
cfn=(4838)
calls=1 0 
0 63
0 1
0 496
cob=(5)
cfi=(5)
cfn=(4838)
calls=62 0 
0 3906
0 62
0 482
cfn=(4864)
calls=1 0 
0 132829
0 151
cob=(5)
cfi=(5)
cfn=(4586)
calls=30 0 
0 1380
0 30
0 241

fn=(4920)
0 218631816

fn=(4926) fht
0 232833860

fn=(4938) fft_short
0 1329272
cfn=(4926)
calls=588 0 
0 4606980
0 3332

fn=(4952)
0 84790

fn=(4964)
0 308693
cfn=(4966) count_bits.constprop.0
calls=13312 0 
0 126208289
0 22240
cfn=(4966)
calls=5560 0 
0 52127956
0 270889
cfn=(4966)
calls=2887 0 
0 27013305
0 125421

fn=(4974)
0 383733673
cfn=(4992) count_bit_null
calls=27 0 
0 54
cfn=(4990) count_bit_noESC
calls=15102 0 
0 2950518
cfn=(4978) count_bit_noESC_from3
calls=854831 0 
0 220206180
cfn=(4976)
calls=341837 0 
0 151888881
0 1742159

fn=(4982)
0 106921385
cfn=(4984) calc_noise_core_c
calls=1460228 0 
0 288207593
0 89870582

fn=(4986)
0 49344762

fn=(5006) writeMainData
0 2877593
cob=(2)
cfi=(2)
cfn=(4348)
calls=22 0 
0 242
0 22
0 3205420
cob=(2)
cfi=(2)
cfn=(4348)
calls=26 0 
0 286
0 26
0 604215
cfn=(5008)
calls=5364 0 
0 79855628
0 15706093
cob=(2)
cfi=(2)
cfn=(4348)
calls=499 0 
0 5489
0 499
0 1856821
cfn=(5010)
calls=196 0 
0 641114
0 1372
cfn=(5010)
calls=196 0 
0 5200142
0 3841

fn=(5048) lame_close
0 22
cfn=(5050) freegfc
calls=1 0 
0 5942
0 12
cob=(2)
cfi=(2)
cfn=(4402)
calls=1 0 
0 79
0 1
0 2

fn=(4840)
0 7065
cfn=(4842)
calls=576 0 
0 209283
0 5760
cob=(5)
cfi=(5)
cfn=(4838)
calls=576 0 
0 36288
0 576
0 1900
cfn=(4842)
calls=6 0 
0 2172
0 912
cfn=(4842)
calls=152 0 
0 55024
0 833
cfn=(4842)
calls=13 0 
0 4706
0 1074
cfn=(4842)
calls=179 0 
0 64798
0 1268
cfn=(4842)
calls=56 0 
0 20272
0 266
cfn=(4842)
calls=1 0 
0 363
0 10
cob=(5)
cfi=(5)
cfn=(4838)
calls=1 0 
0 63
0 1
0 2
cob=(1)
cfi=(1)
cfn=(3977)
calls=1 0 
0 741
0 5
0 13
cob=(5)
cfi=(5)
cfn=(4832)
calls=1 0 
0 104
0 1
0 41025
cob=(5)
cfi=(5)
cfn=(4832)
calls=8205 0 
0 853320
0 8205
0 41043
cob=(5)
cfi=(5)
cfn=(4832)
calls=1 0 
0 104
0 1
0 65648
cob=(5)
cfi=(5)
cfn=(4832)
calls=8206 0 
0 853424
0 8206
0 82084
cob=(5)
cfi=(5)
cfn=(4832)
calls=1 0 
0 104
0 1
0 1785
cob=(5)
cfi=(5)
cfn=(4832)
calls=255 0 
0 26446
0 255
0 1038
cob=(5)
cfi=(5)
cfn=(4832)
calls=1 0 
0 104
0 1
0 2604
cob=(5)
cfi=(5)
cfn=(4832)
calls=372 0 
0 38614
0 372
0 1494
cfn=(4860) huffman_init
calls=1 0 
0 28730
0 9
cob=(5)
cfi=(5)
cfn=(4838)
calls=1 0 
0 63
0 1
0 8
cob=(5)
cfi=(5)
cfn=(4838)
calls=1 0 
0 63
0 1
0 8
cob=(5)
cfi=(5)
cfn=(4838)
calls=1 0 
0 63
0 1
0 6
cob=(5)
cfi=(5)
cfn=(4838)
calls=1 0 
0 63
0 1
0 7
cob=(5)
cfi=(5)
cfn=(4838)
calls=1 0 
0 63
0 1
0 7
cob=(5)
cfi=(5)
cfn=(4838)
calls=1 0 
0 63
0 1
0 7
cob=(5)
cfi=(5)
cfn=(4838)
calls=1 0 
0 63
0 1
0 1395
cob=(5)
cfi=(5)
cfn=(4838)
calls=192 0 
0 12096
0 192
0 1557
cob=(5)
cfi=(5)
cfn=(4838)
calls=56 0 
0 3528
0 56
0 1454
cob=(5)
cfi=(5)
cfn=(4838)
calls=158 0 
0 9954
0 158
0 975

fn=(4844) ATHformula_GB
0 42731
cob=(5)
cfi=(5)
cfn=(4832)
calls=2136 0 
0 222144
0 2136
0 8
cob=(5)
cfi=(5)
cfn=(4832)
calls=1 0 
0 104
0 1
0 12822
cob=(5)
cfi=(5)
cfn=(4850)
calls=2136 0 
0 74760
cob=(1)
cfi=(1)
cfn=(3977)
calls=1 0 
0 802
0 2141
0 14959
cob=(5)
cfi=(5)
cfn=(4850)
calls=2137 0 
0 74795
0 2137
0 8548
cob=(5)
cfi=(5)
cfn=(4832)
calls=2137 0 
0 222248
0 2137
0 51290

fn=(4968) quantize_xrpow
0 276848615
cob=(2)
cfi=(2)
cfn=(4678)
calls=210990 0 
0 9950204
0 210990
0 9533075
cfn=(4970) quantize_lines_xrpow
calls=307551 0 
0 48034904
0 2142778
cfn=(4970)
calls=37184 0 
0 52853780
0 2159198
cfn=(4970)
calls=210990 0 
0 268087888
0 632970

fn=(4984)
0 288207593

fn=(4992)
0 54

fn=(5032)
0 714
cfn=(4910)
calls=2 0 
0 9888781
0 67
cfn=(5034)
calls=1 0 
0 53896
0 13
cob=(2)
cfi=(2)
cfn=(4348)
calls=1 0 
0 29
0 1
0 8
cfn=(5014) CRC_update_lookup.lto_priv.0
calls=1 0 
0 561
0 4
cfn=(5038) save_gain_values
calls=1 0 
0 12
0 13

fn=(4864)
0 608
cob=(5)
cfi=(5)
cfn=(4870)
calls=1 0 
0 44
cob=(1)
cfi=(1)
cfn=(3977)
calls=1 0 
0 691
0 6
0 2480
cob=(5)
cfi=(5)
cfn=(4870)
calls=124 0 
0 7948
0 124
0 882
cob=(5)
cfi=(5)
cfn=(4870)
calls=126 0 
0 6978
0 126
0 21910
cob=(5)
cfi=(5)
cfn=(4870)
calls=1026 0 
0 69000
0 1026
0 2142
cob=(5)
cfi=(5)
cfn=(4870)
calls=126 0 
0 8036
0 126
0 8064
cob=(5)
cfi=(5)
cfn=(4870)
calls=1152 0 
0 72492
0 1152
0 18820
cob=(5)
cfi=(5)
cfn=(4822)
calls=72 0 
0 5790
0 72
0 432
cob=(5)
cfi=(5)
cfn=(4832)
calls=72 0 
0 7488
0 72
0 3388
cob=(5)
cfi=(5)
cfn=(4870)
calls=124 0 
0 7968
0 124
0 48
cob=(5)
cfi=(5)
cfn=(4870)
calls=2 0 
0 88
0 2
0 882
cob=(5)
cfi=(5)
cfn=(4870)
calls=126 0 
0 7016
0 126
0 4937
cob=(5)
cfi=(5)
cfn=(4870)
calls=35 0 
0 2242
0 35
0 245
cob=(5)
cfi=(5)
cfn=(4870)
calls=35 0 
0 1975
0 35
0 445
cob=(5)
cfi=(5)
cfn=(4822)
calls=19 0 
0 1503
0 19
0 114
cob=(5)
cfi=(5)
cfn=(4832)
calls=19 0 
0 1976
0 19
0 247

fn=(4900)
0 17
cob=(5)
cfi=(5)
cfn=(4822)
calls=1 0 
0 66
0 1
0 8176
cob=(5)
cfi=(5)
cfn=(4822)
calls=1022 0 
0 92247
0 1022
0 6138
cob=(5)
cfi=(5)
cfn=(4822)
calls=1023 0 
0 97160
0 1023
0 12285
cob=(5)
cfi=(5)
cfn=(4822)
calls=1 0 
0 66
0 1
0 756
cob=(5)
cfi=(5)
cfn=(4822)
calls=126 0 
0 10298
0 126
0 1151

fn=(4912)
0 14110446

fn=(4940) vbrpsy_compute_MS_thresholds
0 7790681

fn=(4956)
0 1305324

fn=(4958)
0 150120
cfn=(4960) init_xrpow_core_c
calls=5560 0 
0 54507345
0 606680

fn=(5002)
0 289868

fn=(5014)
0 1585700

fn=(5038)
0 12

fn=(4578) lame_init
0 17
cob=(1)
cfi=(1)
cfn=(3977)
calls=1 0 
0 696
0 5
0 3066
cob=(5)
cfi=(5)
cfn=(4586)
calls=511 0 
0 23346
0 511
0 3076
cob=(1)
cfi=(1)
cfn=(3977)
calls=1 0 
0 1089
0 5
0 40
cob=(2)
cfi=(2)
cfn=(4592)
calls=1 0 
0 30329
0 1
0 19
cob=(2)
cfi=(2)
cfn=(4592)
calls=1 0 
0 3053
0 1
0 6
cob=(2)
cfi=(2)
cfn=(4592)
calls=1 0 
0 388
0 1
0 9

fn=(4790) lame_set_quality
0 14

fn=(4802) lame_set_bWriteVbrTag
0 9

fn=(4808) lame_set_write_id3tag_automatic
0 6

fn=(4824)
0 22
cfn=(4826) apply_abr_preset.lto_priv.0
calls=1 0 
0 321

fn=(4872)
0 86
cob=(5)
cfi=(5)
cfn=(4870)
calls=2 0 
0 88
0 2
0 1818
cob=(5)
cfi=(5)
cfn=(4870)
calls=101 0 
0 6553
0 101
0 721
cob=(5)
cfi=(5)
cfn=(4870)
calls=103 0 
0 5815
0 103
0 2060
cob=(5)
cfi=(5)
cfn=(4870)
calls=103 0 
0 6645
0 103
0 721
cob=(5)
cfi=(5)
cfn=(4870)
calls=103 0 
0 5834
0 103
0 3399
cob=(5)
cfi=(5)
cfn=(4870)
calls=103 0 
0 6622
0 103
0 721
cob=(5)
cfi=(5)
cfn=(4870)
calls=103 0 
0 5796
0 103
0 2060
cob=(5)
cfi=(5)
cfn=(4870)
calls=103 0 
0 6664
0 103
0 721
cob=(5)
cfi=(5)
cfn=(4870)
calls=103 0 
0 5844
0 103
0 1767

fn=(4874)
0 40
cob=(2)
cfi=(2)
cfn=(4678)
calls=1 0 
0 16402
cob=(1)
cfi=(1)
cfn=(3977)
calls=1 0 
0 17163
0 6
0 124709
cob=(5)
cfi=(5)
cfn=(4850)
calls=1033 0 
0 36155
0 1033
0 113412
cob=(2)
cfi=(2)
cfn=(4592)
calls=2 0 
0 3341
0 2
0 1676
cob=(2)
cfi=(2)
cfn=(4348)
calls=102 0 
0 1119
cob=(1)
cfi=(1)
cfn=(3977)
calls=1 0 
0 843
0 107
0 436

fn=(4972) noquant_count_bits
0 300263625
cfn=(4974)
calls=97 0 
0 9519
0 2108570
cfn=(4974)
calls=210857 0 
0 57064650
0 3460447
cfn=(4974)
calls=210857 0 
0 160984026
0 2746260
cfn=(4974)
calls=183872 0 
0 178555432
0 1103232

fn=(4988)
0 4352313
cfn=(4968)
calls=189231 0 
0 572728945
0 227469864
cfn=(4972)
calls=189231 0 
0 638151164

fn=(5086) free_id3tag
0 31

fn=(4784) lame_set_brate
0 10

fn=(4826)
0 321

fn=(4842)
0 40603
cfn=(4844)
calls=2137 0 
0 733763

fn=(4860)
0 28730

fn=(4908)
0 21120
cfn=(4910)
calls=1408 0 
0 4360825713
0 2816

fn=(4922) L3psycho_anal_vbr
0 252340860
cfn=(4936) convert_partition2scalefac
calls=1176 0 
0 989016
0 291712
cfn=(4938)
calls=196 0 
0 5939584
0 395168131
cob=(2)
cfi=(2)
cfn=(4678)
calls=11120 0 
0 155680
0 11120
0 55600
cob=(2)
cfi=(2)
cfn=(4678)
calls=11120 0 
0 155680
0 11120
0 136228
cfn=(4936)
calls=2780 0 
0 3755780
0 58380
cfn=(4936)
calls=8340 0 
0 11267340
0 100080
cfn=(4936)
calls=11120 0 
0 12421040
0 23048980
cfn=(4924) fft_long
calls=5560 0 
0 268147680
0 58736
cfn=(4940)
calls=294 0 
0 499540
0 184648
cob=(5)
cfi=(5)
cfn=(4838)
calls=390 0 
0 24570
0 390
0 11505
cob=(5)
cfi=(5)
cfn=(4838)
calls=195 0 
0 12285
0 195
0 7259527
cob=(5)
cfi=(5)
cfn=(4838)
calls=169 0 
0 10647
0 169
0 390
cob=(5)
cfi=(5)
cfn=(4838)
calls=195 0 
0 12285
0 195
0 6188
cob=(5)
cfi=(5)
cfn=(4838)
calls=572 0 
0 36036
0 572
0 1161252
cob=(5)
cfi=(5)
cfn=(4838)
calls=598 0 
0 37674
0 598
0 870102
cob=(5)
cfi=(5)
cfn=(4838)
calls=208 0 
0 13104
0 208
0 364
cob=(5)
cfi=(5)
cfn=(4838)
calls=182 0 
0 11466
0 182
0 4054
cob=(5)
cfi=(5)
cfn=(4838)
calls=208 0 
0 13104
0 208
0 4082
cob=(5)
cfi=(5)
cfn=(4838)
calls=208 0 
0 13104
0 208
0 12565583
cfn=(4940)
calls=2682 0 
0 7291141
0 5364

fn=(4924)
0 39920800
cfn=(4926)
calls=5560 0 
0 228226880

fn=(4936)
0 28433176

fn=(4966)
0 500457
cfn=(4968)
calls=21759 0 
0 97725457
0 38979039
cfn=(4972)
calls=21759 0 
0 68144597

fn=(5012) compute_flushbits
0 77328

fn=(4778) lame_set_in_samplerate
0 9

fn=(4902)
0 18

fn=(4916)
0 188872
cfn=(4922)
calls=2780 0 
0 1004163687
0 103937
cfn=(4918)
calls=1390 0 
0 289299764
0 22343
cfn=(5000) format_bitstream
calls=1390 0 
0 113657146
0 16680
cob=(2)
cfi=(2)
cfn=(4348)
calls=1390 0 
0 97708
0 1390
0 8340
cfn=(5014)
calls=1390 0 
0 1585139
0 37530
cob=(2)
cfi=(2)
cfn=(4348)
calls=1389 0 
0 29169
cob=(1)
cfi=(1)
cfn=(3976)
calls=1 0 
0 753
0 1394
0 94520
cfn=(4950)
calls=1390 0 
0 2940585100
0 176700
cfn=(4918)
calls=1 0 
0 196124
0 6173
cob=(2)
cfi=(2)
cfn=(4678)
calls=1 0 
0 4626
0 1
0 4
cob=(2)
cfi=(2)
cfn=(4678)
calls=1 0 
0 4626
0 1
0 14
cob=(2)
cfi=(2)
cfn=(4348)
calls=1 0 
0 352
0 1
0 4
cob=(2)
cfi=(2)
cfn=(4348)
calls=1 0 
0 352
0 1
0 9

fn=(4954)
0 408368

fn=(4960)
0 54507345

fn=(4970)
0 368976572

fn=(4978)
0 220206180

fn=(4990)
0 2950518

fn=(5000)
0 44480
cfn=(5002)
calls=1390 0 
0 31970
0 16680
cob=(2)
cfi=(2)
cfn=(4678)
calls=1390 0 
0 15290
0 1390
0 430900
cfn=(5006)
calls=1390 0 
0 109958803
0 5560
cfn=(5002)
calls=1390 0 
0 204073
0 13900
cfn=(5012)
calls=1390 0 
0 77328
0 2856772

fn=(5050)
0 3865
cob=(1)
cfi=(1)
cfn=(3977)
calls=1 0 
0 756
0 5
0 8
cob=(2)
cfi=(2)
cfn=(4402)
calls=1 0 
0 176
0 1
0 4
cob=(2)
cfi=(2)
cfn=(4402)
calls=1 0 
0 54
0 1
0 4
cob=(2)
cfi=(2)
cfn=(4402)
calls=1 0 
0 185
0 1
0 4
cob=(2)
cfi=(2)
cfn=(4402)
calls=1 0 
0 181
0 1
0 2
cfn=(5086)
calls=1 0 
0 31
0 8
cob=(2)
cfi=(2)
cfn=(4402)
calls=1 0 
0 155
0 1
0 6
cob=(2)
cfi=(2)
cfn=(4402)
calls=1 0 
0 181
0 1
0 2
cob=(2)
cfi=(2)
cfn=(4402)
calls=1 0 
0 151
0 1
0 5
cob=(2)
cfi=(2)
cfn=(4402)
calls=1 0 
0 151
0 1

ob=(5)
fl=(5)
fn=(4822)
0 209079

fn=(4850)
0 185780

fn=(4586)
0 25273

fn=(4838)
0 7497945

fn=(4856) log10
0 4
cfn=(4858) __log10_finite
calls=1 0 
0 79

fn=(4858)
0 27
cfn=(4586)
calls=1 0 
0 46
0 6

fn=(4832)
0 14183128

fn=(4870)
0 267056

totals: 4378458933
