# callgrind format
version: 1
creator: callgrind-3.28.0.GIT
pid: 15201
cmd:  profiling/20260705-221952-callgrind-fastmath-probe/bench_local testcase.wav 64
part: 1


desc: I1 cache: 
desc: D1 cache: 
desc: LL cache: 

desc: Timerange: Basic block 0 - 512775052
desc: Trigger: Program termination

positions: line
events: Ir
summary: 4138829243


ob=(6) /usr/lib/libm.so.6
fl=(6) ???
fn=(5406) pow
0 222144

fn=(5412) log10
0 4
cfn=(5414) __log10_finite
calls=1 0 
0 79

fn=(5414)
0 27
cfn=(5416) log
calls=1 0 
0 46
0 6

fn=(5426) ldexp
0 82060
cfn=(5428) 0x000000000004e730
calls=8206 0 
0 196944
0 90266

fn=(5486) cos
0 19185

fn=(5608) powf
0 184275

fn=(5422) cbrt
0 82060
cfn=(5424) frexp
calls=8206 0 
0 205150
0 295416
cfn=(5426)
calls=8206 0 
0 369270
0 41030

fn=(5424)
0 205150

fn=(5416)
0 1886

fn=(5370) exp
0 261666

fn=(5388) expf
0 3363710

fn=(5428)
0 196944

ob=(8) /home/me/projects/lame/profiling/20260705-221952-callgrind-fastmath-probe/bench_local
fl=(8) ???
fn=(4868) run_encode
0 13
cob=(1) /usr/lib/ld-linux-x86-64.so.2
cfi=(1) ???
cfn=(4272) 0x0000000000016960
calls=1 0 
0 57342
0 5
0 6
cob=(1)
cfi=(1)
cfn=(4272)
calls=1 0 
0 1377
0 5
0 6
cob=(1)
cfi=(1)
cfn=(4272)
calls=1 0 
0 701
0 5
0 5
cob=(1)
cfi=(1)
cfn=(4272)
calls=1 0 
0 664
0 5
0 5
cob=(1)
cfi=(1)
cfn=(4272)
calls=1 0 
0 680
0 5
0 5
cob=(1)
cfi=(1)
cfn=(4272)
calls=1 0 
0 641
0 5
0 5
cob=(1)
cfi=(1)
cfn=(4272)
calls=1 0 
0 705
0 5
0 5
cob=(1)
cfi=(1)
cfn=(4272)
calls=1 0 
0 762
0 5
0 2
cob=(1)
cfi=(1)
cfn=(4272)
calls=1 0 
0 2639796
0 5
0 4
cob=(2) /usr/lib/libc.so.6
cfi=(2) ???
cfn=(4362) malloc
calls=1 0 
0 159
0 1
0 36
cob=(1)
cfi=(1)
cfn=(4272)
calls=1 0 
0 22897
0 5
0 1323
cob=(7) /home/me/projects/lame/build-callgrind-fastmath/libmp3lame/libmp3lame.so.0
cfi=(7) ???
cfn=(5540) lame_encode_buffer_interleaved
calls=63 0 
0 161134714
0 63
0 22848
cob=(7)
cfi=(7)
cfn=(5540)
calls=1344 0 
0 3961969370
0 1344
0 3502736
cob=(1)
cfi=(1)
cfn=(4272)
calls=1 0 
0 9455693
0 5
0 3

ob=(3) /usr/lib/libmvec.so.1
fl=(3) ???
fn=(5526) 0x000000000001a330
0 1075

fn=(5446) 0x000000000000b040
0 153204

fn=(3586) _ZGVbN2v_log
0 6

fn=(3652) _ZGVbN2v_exp
0 6

fn=(5478) 0x0000000000009ee0
0 156362

fn=(5172) 0x000000000000a860
0 61488

fn=(3490) _ZGVbN4v_expf
0 6

fn=(3466) _ZGVbN2v_atan
0 6

fn=(3606) _ZGVbN2v_cos
0 6

ob=(8)
fl=(8)
fn=(4868)
0 7172
cob=(1)
cfi=(1)
cfn=(4272)
calls=1 0 
0 851
0 5

ob=(3)
fl=(3)
fn=(4892) 0x000000000000b820
0 16384

ob=(8)
fl=(8)
fn=(4868)
0 2
cob=(1)
cfi=(1)
cfn=(4272)
calls=1 0 
0 7232
0 5
0 10

fn=(4216) (below main)
cob=(2)
cfi=(2)
cfn=(4218) (below main)
calls=1 0 
0 4138829243

fn=(4264) main
cfn=(4868)
calls=1 0 
0 4138829243

ob=(2)
fl=(2)
fn=(5044) 0x00000000000b1900
0 32
cfn=(5048) mmap
calls=2 0 
0 44
0 28
cfn=(5058) 0x00000000001355d0
calls=2 0 
0 59
0 58

fn=(3292) strlen
0 11

fn=(4958) 0x00000000000b0930
0 141

fn=(4988) 0x0000000000190c40
0 10376449

fn=(5048)
0 44

fn=(5058)
0 34
cob=(1)
cfi=(1)
cfn=(218) __tunable_get_val
calls=1 0 
0 17
0 1
0 7

fn=(4218)
cfn=(4250) 0x0000000000026370
calls=1 0 
0 4138829243

fn=(4802) 0x00000000000b2290
0 479
cfn=(4958)
calls=4 0 
0 63
0 190
cfn=(4958)
calls=1 0 
0 18
0 457

fn=(4250)
cob=(8)
cfi=(8)
cfn=(4264)
calls=1 0 
0 4138829243

fn=(4410) 0x00000000000b26e0
0 1538
cfn=(4958)
calls=2 0 
0 60
0 220
cfn=(5044)
calls=2 0 
0 221
0 94
cfn=(4466) __default_morecore
calls=2 0 
0 38
0 16

fn=(5796) 0x0000000000192f80
0 195

fn=(5832) munmap
0 10

fn=(3248) memset
0 19

fn=(4466)
0 4
cfn=(4468) sbrk
calls=3 0 
0 30
0 4

fn=(4644) 0x0000000000190240
0 1424926

fn=(4902) calloc
0 344
cfn=(4410)
calls=10 0 
0 2068
0 284
cfn=(4988)
calls=8 0 
0 56090
0 8

fn=(3300) memmove
0 17

fn=(4470) brk
0 8

fn=(4698) free
0 182
cfn=(4802)
calls=12 0 
0 1207
0 63
cfn=(5826) 0x00000000000b01f0
calls=1 0 
0 32
0 2
cfn=(5826)
calls=1 0 
0 32
0 10

fn=(5826)
0 54
cfn=(5832)
calls=2 0 
0 10

fn=(4468)
0 16
cfn=(4470)
calls=2 0 
0 8
0 6

fn=(3256) memcpy
0 17

fn=(4362)
0 32
cfn=(4410)
calls=5 0 
0 119
0 8

ob=(7)
fl=(7)
fn=(5186) FindNearestBitrate
0 228

fn=(5256) lame_set_quant_comp_short
0 6
cfn=(5094) is_lame_global_flags_valid
calls=1 0 
0 6
0 1
0 8

fn=(5634) getframebits
0 29190

fn=(5672) noquant_count_bits
0 300347116
cfn=(5674) choose_table_nonMMX
calls=95 0 
0 9486
0 2108340
cfn=(5674)
calls=210834 0 
0 57332814
0 3460183
cfn=(5674)
calls=210834 0 
0 160991114
0 2745982
cfn=(5674)
calls=183861 0 
0 178482701
0 1103166

fn=(5680) outer_loop.part.0
0 494840
cfn=(5686) calc_noise
calls=5559 0 
0 29473488
cob=(1)
cfi=(1)
cfn=(4273) 0x0000000000016960'2
calls=1 0 
0 5913
0 5564
0 158899056
cfn=(5694) scale_bitcount
calls=110717 0 
0 47739878
cob=(1)
cfi=(1)
cfn=(4273)
calls=1 0 
0 1089
0 110722
0 281590
cfn=(5694)
calls=2047 0 
0 873856
0 2047
0 7810
cfn=(5694)
calls=1562 0 
0 667998
0 1562
0 42
cfn=(5694)
calls=14 0 
0 7546
0 14
0 1334065
cfn=(5668) count_bits
calls=61329 0 
0 544088772
0 61329
0 553470
cfn=(5668)
calls=110694 0 
0 756276810
0 110694
0 2016420
cfn=(5686)
calls=110694 0 
0 384786882
0 110694
0 1020915
cfn=(5668)
calls=2741 0 
0 26496440
0 2741
0 72175
cfn=(5668)
calls=14435 0 
0 108278241
0 14435
0 36854570

fn=(5694)
0 49336146

fn=(5758) reduce_side
0 20178

fn=(5088) lame_set_num_channels
0 6
cob=(1)
cfi=(1)
cfn=(4273)
calls=1 0 
0 681
0 5
0 11

fn=(5112) lame_set_quality
0 6
cfn=(5094)
calls=1 0 
0 6
0 1
0 14

fn=(5166) nearestBitrateFullIndex
0 70

fn=(5192) BitrateIndex
0 59

fn=(5232) lame_set_sfscale
0 6
cfn=(5094)
calls=1 0 
0 6
0 1
0 11

fn=(5244) lame_set_quant_comp
0 6
cfn=(5094)
calls=1 0 
0 6
0 1
0 8

fn=(5274) lame_get_short_threshold_lrm
0 3
cfn=(5094)
calls=1 0 
0 6
0 1
0 6

fn=(5286) lame_get_short_threshold_s
0 3
cfn=(5094)
calls=1 0 
0 6
0 1
0 6

fn=(5334) lame_get_ATHlower
0 3
cfn=(5094)
calls=1 0 
0 6
0 1
0 6

fn=(5454) huffman_init
0 28733

fn=(5544) lame_copy_inbuffer
0 14109038

fn=(5562) lame_encode_mp3_frame
0 188872
cfn=(5576) L3psycho_anal_vbr
calls=2779 0 
0 897011746
cob=(1)
cfi=(1)
cfn=(4273)
calls=1 0 
0 607631
0 2784
0 101959
cfn=(5568) mdct_sub48
calls=1390 0 
0 300208084
0 1390
0 22343
cfn=(5730) format_bitstream
calls=1389 0 
0 113385979
cob=(1)
cfi=(1)
cfn=(4273)
calls=1 0 
0 69573
0 1394
0 6950
cfn=(5550) copy_buffer
calls=1390 0 
0 1743283
0 1390
0 36140
cob=(2)
cfi=(2)
cfn=(4644)
calls=1389 0 
0 29169
cob=(1)
cfi=(1)
cfn=(4273)
calls=1 0 
0 742
0 1394
0 79230
cfn=(5622) CBR_iteration_loop
calls=1389 0 
0 2795451178
cob=(1)
cfi=(1)
cfn=(4273)
calls=1 0 
0 2679935
0 1394
0 164190
cob=(1)
cfi=(1)
cfn=(4273)
calls=1 0 
0 200383
0 5
0 6173
cob=(2)
cfi=(2)
cfn=(4988)
calls=1 0 
0 4626
0 1
0 4
cob=(2)
cfi=(2)
cfn=(4988)
calls=1 0 
0 4626
0 1
0 13
cob=(2)
cfi=(2)
cfn=(4644)
calls=1 0 
0 352
0 1
0 5
cob=(2)
cfi=(2)
cfn=(4644)
calls=1 0 
0 352
0 1
0 12519

fn=(5568)
0 87633
cfn=(5570) window_subband
calls=2782 0 
0 6237244
0 27820
cfn=(5570)
calls=2782 0 
0 6237244
0 133536
cfn=(5570)
calls=44512 0 
0 99795904
0 200304
cfn=(5570)
calls=50076 0 
0 112270392
0 75417811

fn=(5674)
0 383762238
cfn=(5698) count_bit_null
calls=27 0 
0 54
cfn=(5696) count_bit_noESC
calls=15099 0 
0 2966454
cfn=(5678) count_bit_noESC_from3
calls=854786 0 
0 220152096
cfn=(5676) count_bit_noESC_from2
calls=341838 0 
0 151852380
0 2032268

fn=(5704) best_scalefac_store
0 4451447
cfn=(5694)
calls=108 0 
0 46398
0 224479
cob=(2)
cfi=(2)
cfn=(4988)
calls=265 0 
0 2650
0 265
0 995360

fn=(5778) isResamplingNecessary
0 15

fn=(5198) init_bit_stream_w
0 7
cob=(2)
cfi=(2)
cfn=(4902)
calls=1 0 
0 288
0 1
0 5

fn=(5212) apply_abr_preset
0 128
cfn=(5166)
calls=1 0 
0 35
0 1
0 4
cob=(1)
cfi=(1)
cfn=(4273)
calls=1 0 
0 614
0 5
0 3
cfn=(5204) lame_set_VBR_mean_bitrate_kbps
calls=1 0 
0 21
0 1
0 2
cob=(1)
cfi=(1)
cfn=(4273)
calls=1 0 
0 714
0 5
0 6
cfn=(5204)
calls=1 0 
0 21
0 1
0 2
cfn=(5222) lame_get_VBR_mean_bitrate_kbps
calls=1 0 
0 15
0 1
0 6
cfn=(5204)
calls=1 0 
0 21
0 1
0 2
cfn=(5222)
calls=1 0 
0 15
0 1
0 3
cob=(1)
cfi=(1)
cfn=(4273)
calls=1 0 
0 626
0 5
0 11
cob=(1)
cfi=(1)
cfn=(4273)
calls=1 0 
0 639
0 5
0 4
cob=(1)
cfi=(1)
cfn=(4273)
calls=1 0 
0 650
0 5
0 9
cob=(1)
cfi=(1)
cfn=(4273)
calls=1 0 
0 724
0 5
0 9
cob=(1)
cfi=(1)
cfn=(4273)
calls=1 0 
0 619
0 5
0 8
cob=(1)
cfi=(1)
cfn=(4273)
calls=1 0 
0 703
0 5
0 8
cob=(1)
cfi=(1)
cfn=(4273)
calls=1 0 
0 691
0 5
0 9
cob=(1)
cfi=(1)
cfn=(4273)
calls=1 0 
0 619
0 5
0 3
cob=(1)
cfi=(1)
cfn=(4273)
calls=1 0 
0 631
0 5
0 2
cob=(1)
cfi=(1)
cfn=(4273)
calls=1 0 
0 705
0 5
0 7
cob=(1)
cfi=(1)
cfn=(4273)
calls=1 0 
0 639
0 5
0 6
cob=(1)
cfi=(1)
cfn=(4273)
calls=1 0 
0 647
0 5
0 8
cob=(1)
cfi=(1)
cfn=(4273)
calls=1 0 
0 680
0 5
0 26
cob=(1)
cfi=(1)
cfn=(4273)
calls=1 0 
0 671
0 5
0 6
cob=(1)
cfi=(1)
cfn=(4273)
calls=1 0 
0 703
0 5
0 11
cob=(1)
cfi=(1)
cfn=(4273)
calls=1 0 
0 707
0 5
0 5
cob=(1)
cfi=(1)
cfn=(4273)
calls=1 0 
0 692
0 5
0 6
cob=(1)
cfi=(1)
cfn=(4273)
calls=1 0 
0 626
0 5
0 5
cob=(1)
cfi=(1)
cfn=(4273)
calls=1 0 
0 707
0 5
0 5
cob=(1)
cfi=(1)
cfn=(4273)
calls=1 0 
0 703
0 5
0 5
cob=(1)
cfi=(1)
cfn=(4273)
calls=1 0 
0 664
0 5
0 5
cob=(1)
cfi=(1)
cfn=(4273)
calls=1 0 
0 673
0 5
0 5
cob=(1)
cfi=(1)
cfn=(4273)
calls=1 0 
0 643
0 5
0 5
cob=(1)
cfi=(1)
cfn=(4273)
calls=1 0 
0 643
0 5
0 1

fn=(5602) vbrpsy_compute_MS_thresholds
0 7341829

fn=(5652) init_xrpow_core_c
0 54507345

fn=(5686)
0 104348288
cfn=(5688) calc_noise_core_c
calls=1460051 0 
0 224437976
0 85479432

fn=(5698)
0 54

fn=(5734) encodeSideInfo2
0 29190
cob=(2)
cfi=(2)
cfn=(4988)
calls=1390 0 
0 15290
0 1390
0 3046350

fn=(5748) UpdateMusicCRC
0 5564
cfn=(5750) CRC_update_lookup
calls=1391 0 
0 1585771
0 4173

fn=(5856) free_id3tag
0 31

fn=(5160) has_SSE2
0 2

fn=(5262) lame_get_msfix
0 6
cfn=(5094)
calls=2 0 
0 12
0 2
0 12

fn=(5310) lame_get_maskingadjust
0 3
cfn=(5094)
calls=1 0 
0 6
0 1
0 6

fn=(5382) lame_set_exp_nspsytune
0 6
cfn=(5094)
calls=1 0 
0 6
0 1
0 8

fn=(5460) init_xrpow_core_init
0 3

fn=(5472) freq2bark
0 25356
cob=(3)
cfi=(3)
cfn=(5478)
calls=2112 0 
0 156288
cob=(1)
cfi=(1)
cfn=(4273)
calls=1 0 
0 859
0 2117
0 16904

fn=(5534) get_max_frame_buffer_size_by_constraint
0 18

fn=(5540)
0 21120
cfn=(5542) lame_encode_buffer_template.part.0.isra.0
calls=1408 0 
0 4123102319
0 2816

fn=(5582) fft_long
0 39920800
cfn=(5584) fht
calls=5560 0 
0 238195960

fn=(5622)
0 20850
cfn=(5628) ResvFrameBegin
calls=1389 0 
0 98619
cob=(1)
cfi=(1)
cfn=(4273)
calls=1 0 
0 1277
0 1394
0 31970
cfn=(5640) on_pe
calls=1389 0 
0 246360
cob=(1)
cfi=(1)
cfn=(4273)
calls=1 0 
0 1321
0 1394
0 12510
cfn=(5640)
calls=1390 0 
0 247240
0 1390
0 69500
cfn=(5704)
calls=5559 0 
0 5719553
cob=(1)
cfi=(1)
cfn=(4273)
calls=1 0 
0 1681
0 5564
0 27800
cfn=(5716) ResvAdjust
calls=5559 0 
0 22236
cob=(1)
cfi=(1)
cfn=(4273)
calls=1 0 
0 583
0 5564
0 84380
cob=(6)
cfi=(6)
cfn=(5370)
calls=196 0 
0 2156
0 196
0 21456
cob=(6)
cfi=(6)
cfn=(5370)
calls=5364 0 
0 59004
0 5364
0 27800
cfn=(5648) init_outer_loop
calls=5560 0 
0 1305324
0 22240
cfn=(5650) init_xrpow
calls=5560 0 
0 55269705
0 38920
cfn=(5658) calc_xmin
calls=5559 0 
0 31102057
cob=(1)
cfi=(1)
cfn=(4273)
calls=1 0 
0 6186
0 5564
0 44480
cfn=(5662) bin_search_StepSize.isra.0
calls=5560 0 
0 207047186
0 50040
cfn=(5680)
calls=5560 0 
0 2100651668
0 22240
cfn=(5710) best_huffman_divide
calls=5559 0 
0 395106216
cob=(1)
cfi=(1)
cfn=(4273)
calls=1 0 
0 3357
0 5564
0 29190
cfn=(5724) ResvFrameEnd
calls=1389 0 
0 48639
cob=(1)
cfi=(1)
cfn=(4273)
calls=1 0 
0 627
0 1394
0 630896
cfn=(5758)
calls=353 0 
0 20121
cob=(1)
cfi=(1)
cfn=(4272)
calls=1 0 
0 644
0 358
0 708

fn=(5658)
0 196240
cfn=(5660) athAdjust
calls=5364 0 
0 579312
0 643680
cfn=(5660)
calls=107280 0 
0 11586240
0 17110772
cfn=(5660)
calls=196 0 
0 21168
0 17248
cfn=(5660)
calls=2156 0 
0 232848
0 720160

fn=(5742) compute_flushbits
0 77328

fn=(5770) lame_encode_flush
0 5
cfn=(5772) lame_encode_flush.part.0
calls=1 0 
0 9455038

fn=(5804) save_gain_values
0 12

fn=(5118) lame_set_VBR
0 12
cfn=(5094)
calls=2 0 
0 12
0 2
0 20

fn=(5142) has_3DNow
0 2

fn=(5250) lame_get_quant_comp_short
0 6
cfn=(5094)
calls=2 0 
0 12
0 2
0 10

fn=(5340) lame_set_ATHlower
0 5
cfn=(5094)
calls=1 0 
0 6
0 1
0 8

fn=(5352) lame_set_ATHcurve
0 5
cfn=(5094)
calls=1 0 
0 6
0 1
0 8

fn=(5576)
0 65869249
cfn=(5594) convert_partition2scalefac
calls=1176 0 
0 989016
0 127920773
cfn=(5600) fft_short
calls=195 0 
0 6134505
cob=(1)
cfi=(1)
cfn=(4273)
calls=1 0 
0 32034
0 200
0 344919612
cob=(2)
cfi=(2)
cfn=(4988)
calls=11120 0 
0 155680
0 11120
0 55600
cob=(2)
cfi=(2)
cfn=(4988)
calls=11120 0 
0 155680
0 11120
0 16820130
cob=(6)
cfi=(6)
cfn=(5608)
calls=390 0 
0 24570
0 390
0 9750
cob=(6)
cfi=(6)
cfn=(5608)
calls=195 0 
0 12285
0 195
0 6946346
cob=(6)
cfi=(6)
cfn=(5608)
calls=208 0 
0 13104
0 208
0 364
cob=(6)
cfi=(6)
cfn=(5608)
calls=182 0 
0 11466
0 182
0 2808
cob=(6)
cfi=(6)
cfn=(5608)
calls=207 0 
0 13041
cob=(1)
cfi=(1)
cfn=(4273)
calls=1 0 
0 815
0 212
0 578240
cob=(6)
cfi=(6)
cfn=(5608)
calls=208 0 
0 13104
0 208
0 390
cob=(6)
cfi=(6)
cfn=(5608)
calls=390 0 
0 24570
0 390
0 6006
cob=(6)
cfi=(6)
cfn=(5608)
calls=403 0 
0 25389
0 403
0 294892
cob=(6)
cfi=(6)
cfn=(5608)
calls=169 0 
0 10647
0 169
0 390
cob=(6)
cfi=(6)
cfn=(5608)
calls=195 0 
0 12285
0 195
0 3146
cob=(6)
cfi=(6)
cfn=(5608)
calls=169 0 
0 10647
0 169
0 4615
cob=(6)
cfi=(6)
cfn=(5608)
calls=208 0 
0 13104
0 208
0 40176
cfn=(5582)
calls=5559 0 
0 278066739
cob=(1)
cfi=(1)
cfn=(4273)
calls=1 0 
0 50588
0 5564
0 91740
cfn=(5594)
calls=2780 0 
0 3755780
0 58380
cfn=(5594)
calls=8340 0 
0 11267340
0 111200
cfn=(5594)
calls=11120 0 
0 12421040
0 904712
cfn=(5602)
calls=2682 0 
0 6864345
0 12392700
cfn=(5602)
calls=294 0 
0 477484
0 1344

fn=(5660)
0 8969688
cob=(6)
cfi=(6)
cfn=(5388)
calls=114996 0 
0 3334884
0 114996

fn=(5688)
0 224437976

fn=(5820) freegfc
0 3865
cob=(1)
cfi=(1)
cfn=(4273)
calls=1 0 
0 756
0 5
0 8
cob=(2)
cfi=(2)
cfn=(4698)
calls=1 0 
0 176
0 1
0 4
cob=(2)
cfi=(2)
cfn=(4698)
calls=1 0 
0 54
0 1
0 4
cob=(2)
cfi=(2)
cfn=(4698)
calls=1 0 
0 185
0 1
0 4
cob=(2)
cfi=(2)
cfn=(4698)
calls=1 0 
0 181
0 1
0 2
cfn=(5856)
calls=1 0 
0 31
0 8
cob=(2)
cfi=(2)
cfn=(4698)
calls=1 0 
0 155
0 1
0 6
cob=(2)
cfi=(2)
cfn=(4698)
calls=1 0 
0 181
0 1
0 2
cob=(2)
cfi=(2)
cfn=(4698)
calls=1 0 
0 151
0 1
0 5
cob=(2)
cfi=(2)
cfn=(4698)
calls=1 0 
0 151
0 1

fn=(5148) has_MMX
0 2

fn=(5210) apply_preset
0 24
cfn=(5212)
calls=1 0 
0 17922

fn=(5238) lame_get_quant_comp
0 6
cfn=(5094)
calls=2 0 
0 12
0 2
0 10

fn=(5298) lame_get_scale
0 3
cfn=(5094)
calls=1 0 
0 6
0 1
0 6

fn=(5400) ATHformula
0 55552
cob=(6)
cfi=(6)
cfn=(5406)
calls=2135 0 
0 222040
cob=(1)
cfi=(1)
cfn=(4273)
calls=1 0 
0 766
0 2140
0 12816
cob=(6)
cfi=(6)
cfn=(5370)
calls=2136 0 
0 74760
0 2136
0 21360
cob=(6)
cfi=(6)
cfn=(5370)
calls=2136 0 
0 74760
0 2136
0 44871

fn=(5570)
0 224540784

fn=(5628)
0 8340
cfn=(5634)
calls=1389 0 
0 29169
cob=(1)
cfi=(1)
cfn=(4273)
calls=1 0 
0 620
0 1394
0 59770

fn=(5662)
0 322058
cfn=(5668)
calls=13316 0 
0 126780535
0 13316
0 27800
cfn=(5668)
calls=5559 0 
0 52335228
cob=(1)
cfi=(1)
cfn=(4273)
calls=1 0 
0 8229
0 5564
0 273866
cfn=(5668)
calls=2890 0 
0 27152270
0 2890
0 125430

fn=(5730)
0 44480
cfn=(5732) drain_into_ancillary
calls=1390 0 
0 31970
0 4170
cfn=(5734)
calls=1390 0 
0 3092220
0 2875684
cob=(2)
cfi=(2)
cfn=(4644)
calls=22 0 
0 242
0 22
0 3205776
cob=(2)
cfi=(2)
cfn=(4644)
calls=26 0 
0 286
0 26
0 4456
cfn=(5732)
calls=1390 0 
0 204390
0 15290
cfn=(5742)
calls=1390 0 
0 77328
0 624811
cfn=(5738) LongHuffmancodebits
calls=5364 0 
0 79850956
0 15706676
cob=(2)
cfi=(2)
cfn=(4644)
calls=500 0 
0 5500
0 500
0 1857912
cfn=(5740) Huffmancode
calls=196 0 
0 641109
0 1372
cfn=(5740)
calls=196 0 
0 5200360
0 9401

fn=(5740)
0 45506596
cob=(2)
cfi=(2)
cfn=(4644)
calls=643 0 
0 7073
0 643
0 19934269
cob=(2)
cfi=(2)
cfn=(4644)
calls=199 0 
0 2189
0 199
0 19930344

fn=(5772)
0 618
cob=(1)
cfi=(1)
cfn=(4273)
calls=1 0 
0 662
0 5
0 92
cfn=(5542)
calls=2 0 
0 9396802
0 68
cob=(1)
cfi=(1)
cfn=(4273)
calls=1 0 
0 56122
0 5
0 5
cfn=(5550)
calls=1 0 
0 633
0 1
0 3
cfn=(5804)
calls=1 0 
0 12
0 10

fn=(5006) disable_FPE
0 1

fn=(5094)
0 264

fn=(5106) lame_set_brate
0 12
cfn=(5094)
calls=2 0 
0 12
0 2
0 20

fn=(5180) SmpFrqIndex
0 9

fn=(5204)
0 24
cfn=(5094)
calls=4 0 
0 24
0 4
0 32

fn=(5304) lame_set_scale
0 5
cfn=(5094)
calls=1 0 
0 6
0 1
0 8

fn=(5316) lame_set_maskingadjust
0 5
cfn=(5094)
calls=1 0 
0 6
0 1
0 8

fn=(5322) lame_get_maskingadjust_short
0 3
cfn=(5094)
calls=1 0 
0 6
0 1
0 6

fn=(5364) lame_set_interChRatio
0 5
cfn=(5094)
calls=1 0 
0 6
0 1
0 14

fn=(5394) iteration_init
0 3016
cob=(6)
cfi=(6)
cfn=(5388)
calls=576 0 
0 16704
0 576
0 5184
cfn=(5400)
calls=575 0 
0 138000
cob=(1)
cfi=(1)
cfn=(4273)
calls=1 0 
0 1485
0 580
0 4370
cob=(6)
cfi=(6)
cfn=(5388)
calls=158 0 
0 4582
0 158
0 1422
cfn=(5400)
calls=158 0 
0 37920
0 158
0 1995
cob=(6)
cfi=(6)
cfn=(5388)
calls=192 0 
0 5568
0 192
0 1728
cfn=(5400)
calls=192 0 
0 46080
0 192
0 1624
cob=(6)
cfi=(6)
cfn=(5388)
calls=56 0 
0 1624
0 56
0 504
cfn=(5400)
calls=56 0 
0 13440
0 56
0 402
cfn=(5400)
calls=1 0 
0 31
0 1
0 9
cob=(6)
cfi=(6)
cfn=(5388)
calls=1 0 
0 29
0 1
0 2
cob=(1)
cfi=(1)
cfn=(4273)
calls=1 0 
0 741
0 5
0 15
cob=(1)
cfi=(1)
cfn=(4273)
calls=1 0 
0 768
0 5
0 49230
cob=(6)
cfi=(6)
cfn=(5422)
calls=8205 0 
0 992805
0 8205
0 119035
cob=(1)
cfi=(1)
cfn=(4273)
calls=1 0 
0 836
0 5
0 504
cob=(3)
cfi=(3)
cfn=(5446)
calls=63 0 
0 3213
0 63
0 320
cob=(3)
cfi=(3)
cfn=(5446)
calls=64 0 
0 3264
0 64
0 534
cob=(3)
cfi=(3)
cfn=(5446)
calls=1 0 
0 51
0 1
0 736
cob=(3)
cfi=(3)
cfn=(5446)
calls=92 0 
0 4692
0 92
0 465
cob=(3)
cfi=(3)
cfn=(5446)
calls=93 0 
0 4743
0 93
0 747
cob=(1)
cfi=(1)
cfn=(4273)
calls=1 0 
0 29324
0 5
0 2
cob=(1)
cfi=(1)
cfn=(4273)
calls=1 0 
0 642
0 5
0 7
cob=(6)
cfi=(6)
cfn=(5388)
calls=1 0 
0 29
0 1
0 14
cob=(6)
cfi=(6)
cfn=(5388)
calls=1 0 
0 29
0 1
0 14
cob=(6)
cfi=(6)
cfn=(5388)
calls=1 0 
0 29
0 1
0 12
cob=(6)
cfi=(6)
cfn=(5388)
calls=1 0 
0 29
0 1
0 8
cob=(6)
cfi=(6)
cfn=(5388)
calls=1 0 
0 29
0 1
0 9
cob=(6)
cfi=(6)
cfn=(5388)
calls=1 0 
0 29
0 1
0 10
cob=(6)
cfi=(6)
cfn=(5388)
calls=1 0 
0 29
0 1
0 17

fn=(5490) init_s3_values
0 40
cob=(2)
cfi=(2)
cfn=(4988)
calls=1 0 
0 16402
cob=(1)
cfi=(1)
cfn=(4273)
calls=1 0 
0 17163
0 6
0 83802
cob=(3)
cfi=(3)
cfn=(5446)
calls=64 0 
0 3264
0 64
0 1326
cob=(3)
cfi=(3)
cfn=(5446)
calls=39 0 
0 1989
0 39
0 31050
cob=(3)
cfi=(3)
cfn=(5446)
calls=1242 0 
0 63342
0 1242
0 8070
cob=(3)
cfi=(3)
cfn=(5446)
calls=1345 0 
0 68595
0 1345
0 33005
cob=(6)
cfi=(6)
cfn=(5370)
calls=9 0 
0 315
0 9
0 2514
cob=(6)
cfi=(6)
cfn=(5370)
calls=8 0 
0 280
0 8
0 2370
cob=(6)
cfi=(6)
cfn=(5370)
calls=7 0 
0 245
0 7
0 30238
cob=(2)
cfi=(2)
cfn=(4902)
calls=2 0 
0 3341
0 2
0 1674
cob=(2)
cfi=(2)
cfn=(4644)
calls=102 0 
0 1119
cob=(1)
cfi=(1)
cfn=(4273)
calls=1 0 
0 843
0 107
0 1506

fn=(5520) init_fft
0 30
cob=(3)
cfi=(3)
cfn=(5172)
calls=1 0 
0 56
0 1
0 3302
cob=(3)
cfi=(3)
cfn=(5172)
calls=254 0 
0 14224
0 254
0 1275
cob=(3)
cfi=(3)
cfn=(5172)
calls=255 0 
0 14280
0 255
0 1275
cob=(3)
cfi=(3)
cfn=(5172)
calls=255 0 
0 14280
0 255
0 1275
cob=(3)
cfi=(3)
cfn=(5172)
calls=255 0 
0 14280
0 255
0 5116
cob=(3)
cfi=(3)
cfn=(5172)
calls=1 0 
0 56
0 1
0 150
cob=(3)
cfi=(3)
cfn=(5172)
calls=30 0 
0 1680
0 30
0 217
cob=(3)
cfi=(3)
cfn=(5172)
calls=31 0 
0 1736
0 31
0 600

fn=(5670) quantize_lines_xrpow
0 367917136

fn=(5678)
0 220152096

fn=(5696)
0 2966454

fn=(5716)
0 22240

fn=(5724)
0 48675

fn=(4882) init_log_table
0 24
cob=(1)
cfi=(1)
cfn=(4273)
calls=1 0 
0 906
0 5
0 1016
cob=(3)
cfi=(3)
cfn=(4892)
calls=127 0 
0 8128
0 127
0 640
cob=(3)
cfi=(3)
cfn=(4892)
calls=128 0 
0 8192
0 128
0 1413

fn=(5100) lame_set_in_samplerate
0 6
cfn=(5094)
calls=1 0 
0 6
0 1
0 10

fn=(5130) lame_set_write_id3tag_automatic
0 6
cfn=(5094)
calls=1 0 
0 6
0 1
0 7

fn=(5136) lame_init_params
0 122
cob=(1)
cfi=(1)
cfn=(4273)
calls=1 0 
0 565
0 5
0 4
cob=(1)
cfi=(1)
cfn=(4273)
calls=1 0 
0 577
0 5
0 3
cob=(1)
cfi=(1)
cfn=(4273)
calls=1 0 
0 565
0 5
0 7
cob=(1)
cfi=(1)
cfn=(4273)
calls=1 0 
0 569
0 5
0 99
cob=(1)
cfi=(1)
cfn=(4273)
calls=1 0 
0 604
0 5
0 11
cob=(1)
cfi=(1)
cfn=(4273)
calls=1 0 
0 924
0 5
0 133
cob=(1)
cfi=(1)
cfn=(4273)
calls=1 0 
0 18537
0 5
0 46
cob=(1)
cfi=(1)
cfn=(4273)
calls=1 0 
0 778
0 5
0 8
cfn=(5238)
calls=1 0 
0 15
0 1
0 4
cfn=(5250)
calls=1 0 
0 15
0 1
0 4
cfn=(5262)
calls=1 0 
0 16
0 1
0 5
cob=(1)
cfi=(1)
cfn=(4273)
calls=1 0 
0 674
0 5
0 4
cob=(1)
cfi=(1)
cfn=(4273)
calls=1 0 
0 672
0 5
0 26
cob=(1)
cfi=(1)
cfn=(4273)
calls=1 0 
0 677
0 5
0 212
cob=(1)
cfi=(1)
cfn=(4273)
calls=1 0 
0 1509803
0 5
0 2
cob=(1)
cfi=(1)
cfn=(4273)
calls=1 0 
0 1097086
0 5
0 3
cob=(1)
cfi=(1)
cfn=(4273)
calls=1 0 
0 781
0 5
0 519
cob=(1)
cfi=(1)
cfn=(4273)
calls=1 0 
0 833
0 5
0 6
cob=(3)
cfi=(3)
cfn=(5172)
calls=1 0 
0 56
0 1
0 32
cob=(3)
cfi=(3)
cfn=(5172)
calls=1 0 
0 56
0 1
0 6
cob=(3)
cfi=(3)
cfn=(5172)
calls=1 0 
0 56
0 1
0 31
cob=(3)
cfi=(3)
cfn=(5172)
calls=1 0 
0 56
0 1
0 6
cob=(3)
cfi=(3)
cfn=(5172)
calls=1 0 
0 56
0 1
0 31
cob=(3)
cfi=(3)
cfn=(5172)
calls=1 0 
0 56
0 1
0 6
cob=(3)
cfi=(3)
cfn=(5172)
calls=1 0 
0 56
0 1
0 31
cob=(3)
cfi=(3)
cfn=(5172)
calls=1 0 
0 56
0 1
0 6
cob=(3)
cfi=(3)
cfn=(5172)
calls=1 0 
0 56
0 1
0 31
cob=(3)
cfi=(3)
cfn=(5172)
calls=1 0 
0 56
0 1
0 6
cob=(3)
cfi=(3)
cfn=(5172)
calls=1 0 
0 56
0 1
0 31
cob=(3)
cfi=(3)
cfn=(5172)
calls=1 0 
0 56
0 1
0 6
cob=(3)
cfi=(3)
cfn=(5172)
calls=1 0 
0 56
0 1
0 31
cob=(3)
cfi=(3)
cfn=(5172)
calls=1 0 
0 56
0 1
0 6
cob=(3)
cfi=(3)
cfn=(5172)
calls=1 0 
0 56
0 1
0 64
cob=(1)
cfi=(1)
cfn=(4273)
calls=1 0 
0 694
0 5
0 18
cob=(1)
cfi=(1)
cfn=(4273)
calls=1 0 
0 863
0 5
0 5
cob=(1)
cfi=(1)
cfn=(4273)
calls=1 0 
0 650
0 5
0 9
cob=(1)
cfi=(1)
cfn=(4273)
calls=1 0 
0 728
0 5
0 1

fn=(5154) has_SSE
0 2

fn=(5222)
0 9
cfn=(5094)
calls=3 0 
0 18
0 3
0 15

fn=(5280) lame_set_short_threshold_lrm
0 5
cfn=(5094)
calls=1 0 
0 6
0 1
0 8

fn=(5292) lame_set_short_threshold_s
0 5
cfn=(5094)
calls=1 0 
0 6
0 1
0 8

fn=(5328) lame_set_maskingadjust_short
0 5
cfn=(5094)
calls=1 0 
0 6
0 1
0 8

fn=(5346) lame_get_ATHcurve
0 3
cfn=(5094)
calls=1 0 
0 6
0 1
0 6

fn=(5358) lame_get_interChRatio
0 3
cfn=(5094)
calls=1 0 
0 6
0 1
0 23

fn=(5466) psymodel_init
0 70
cob=(2)
cfi=(2)
cfn=(4902)
calls=1 0 
0 11354
0 1
0 735
cob=(1)
cfi=(1)
cfn=(4273)
calls=1 0 
0 1459
0 5
0 496
cfn=(5472)
calls=62 0 
0 5890
0 62
0 3845
cfn=(5472)
calls=513 0 
0 48735
0 513
0 252
cfn=(5472)
calls=63 0 
0 5985
0 63
0 6031
cfn=(5472)
calls=1 0 
0 95
0 1
0 682
cfn=(5472)
calls=62 0 
0 5890
0 62
0 252
cob=(6)
cfi=(6)
cfn=(5486)
calls=62 0 
0 5567
cob=(1)
cfi=(1)
cfn=(4273)
calls=1 0 
0 671
0 67
0 441
cob=(6)
cfi=(6)
cfn=(5370)
calls=63 0 
0 1557
0 63
0 1780
cfn=(5472)
calls=1 0 
0 95
0 1
0 63
cfn=(5472)
calls=21 0 
0 1995
0 21
0 88
cob=(6)
cfi=(6)
cfn=(5486)
calls=22 0 
0 1946
0 22
0 154
cob=(6)
cfi=(6)
cfn=(5370)
calls=22 0 
0 554
0 22
0 100
cfn=(5488) compute_bark_values
calls=1 0 
0 26430
0 77
cfn=(5490)
calls=1 0 
0 260683
0 1532
cfn=(5400)
calls=63 0 
0 15120
0 63
0 5400
cfn=(5400)
calls=450 0 
0 108000
0 450
0 2565
cob=(6)
cfi=(6)
cfn=(5370)
calls=513 0 
0 17955
0 513
0 7089
cob=(6)
cfi=(6)
cfn=(5370)
calls=63 0 
0 2205
0 63
0 911
cfn=(5472)
calls=1 0 
0 95
0 1
0 312
cfn=(5472)
calls=39 0 
0 3705
0 39
0 1065
cfn=(5472)
calls=129 0 
0 12255
0 129
0 160
cfn=(5472)
calls=40 0 
0 3800
0 40
0 2382
cfn=(5472)
calls=1 0 
0 95
0 1
0 429
cfn=(5472)
calls=39 0 
0 3705
0 39
0 160
cob=(6)
cfi=(6)
cfn=(5486)
calls=40 0 
0 3735
0 40
0 280
cob=(6)
cfi=(6)
cfn=(5370)
calls=40 0 
0 848
0 40
0 1062
cfn=(5472)
calls=1 0 
0 95
0 1
0 36
cfn=(5472)
calls=12 0 
0 1140
0 12
0 52
cob=(6)
cfi=(6)
cfn=(5486)
calls=13 0 
0 1157
0 13
0 91
cob=(6)
cfi=(6)
cfn=(5370)
calls=13 0 
0 287
0 13
0 60
cfn=(5488)
calls=1 0 
0 16793
0 607
cob=(6)
cfi=(6)
cfn=(5370)
calls=28 0 
0 980
0 28
0 936
cfn=(5400)
calls=40 0 
0 9600
0 40
0 1068
cfn=(5400)
calls=89 0 
0 21360
0 89
0 645
cob=(6)
cfi=(6)
cfn=(5370)
calls=129 0 
0 4515
0 129
0 2169
cob=(6)
cfi=(6)
cfn=(5416)
calls=30 0 
0 1380
0 30
0 830
cob=(6)
cfi=(6)
cfn=(5370)
calls=40 0 
0 1400
0 40
0 938
cob=(6)
cfi=(6)
cfn=(5416)
calls=9 0 
0 414
cob=(1)
cfi=(1)
cfn=(4273)
calls=1 0 
0 701
0 14
0 263
cfn=(5490)
calls=1 0 
0 114639
0 5
cob=(1)
cfi=(1)
cfn=(4273)
calls=1 0 
0 75481
0 5
0 6
cob=(6)
cfi=(6)
cfn=(5370)
calls=1 0 
0 35
0 1
0 347
cob=(6)
cfi=(6)
cfn=(5370)
calls=1 0 
0 35
0 1
0 28
cfn=(5400)
calls=1 0 
0 240
0 1
0 2555
cfn=(5400)
calls=511 0 
0 122640
0 511
0 2560
cob=(6)
cfi=(6)
cfn=(5370)
calls=512 0 
0 17920
0 512
0 6454
cob=(1)
cfi=(1)
cfn=(4273)
calls=1 0 
0 845
0 5
0 9
cob=(3)
cfi=(3)
cfn=(5526)
calls=1 0 
0 43
0 1
0 9
cob=(3)
cfi=(3)
cfn=(5526)
calls=1 0 
0 43
0 1
0 9
cob=(3)
cfi=(3)
cfn=(5526)
calls=1 0 
0 43
0 1
0 9
cob=(3)
cfi=(3)
cfn=(5526)
calls=1 0 
0 43
0 1
0 9
cob=(3)
cfi=(3)
cfn=(5526)
calls=1 0 
0 43
0 1
0 9
cob=(3)
cfi=(3)
cfn=(5526)
calls=1 0 
0 43
0 1
0 9
cob=(3)
cfi=(3)
cfn=(5526)
calls=1 0 
0 43
0 1
0 9
cob=(3)
cfi=(3)
cfn=(5526)
calls=1 0 
0 43
0 1
0 9
cob=(3)
cfi=(3)
cfn=(5526)
calls=1 0 
0 43
0 1
0 61
cob=(3)
cfi=(3)
cfn=(5526)
calls=1 0 
0 43
0 1
0 9
cob=(3)
cfi=(3)
cfn=(5526)
calls=1 0 
0 43
0 1
0 9
cob=(3)
cfi=(3)
cfn=(5526)
calls=1 0 
0 43
0 1
0 9
cob=(3)
cfi=(3)
cfn=(5526)
calls=1 0 
0 43
0 1
0 9
cob=(3)
cfi=(3)
cfn=(5526)
calls=1 0 
0 43
0 1
0 9
cob=(3)
cfi=(3)
cfn=(5526)
calls=1 0 
0 43
0 1
0 9
cob=(3)
cfi=(3)
cfn=(5526)
calls=1 0 
0 43
0 1
0 9
cob=(3)
cfi=(3)
cfn=(5526)
calls=1 0 
0 43
0 1
0 9
cob=(3)
cfi=(3)
cfn=(5526)
calls=1 0 
0 43
0 1
0 9
cob=(3)
cfi=(3)
cfn=(5526)
calls=1 0 
0 43
0 1
0 9
cob=(3)
cfi=(3)
cfn=(5526)
calls=1 0 
0 43
0 1
0 9
cob=(3)
cfi=(3)
cfn=(5526)
calls=1 0 
0 43
0 1
0 9
cob=(3)
cfi=(3)
cfn=(5526)
calls=1 0 
0 43
0 1
0 9
cob=(3)
cfi=(3)
cfn=(5526)
calls=1 0 
0 43
0 1
0 9
cob=(3)
cfi=(3)
cfn=(5526)
calls=1 0 
0 43
0 1
0 17
cob=(6)
cfi=(6)
cfn=(5388)
calls=1 0 
0 29
0 1
0 14
cob=(6)
cfi=(6)
cfn=(5388)
calls=1 0 
0 29
0 1
0 10
cob=(6)
cfi=(6)
cfn=(5388)
calls=1 0 
0 29
0 1
0 562
cfn=(5472)
calls=1 0 
0 95
0 1
0 496
cfn=(5472)
calls=62 0 
0 5890
0 62
0 3845
cfn=(5472)
calls=513 0 
0 48735
0 513
0 252
cfn=(5472)
calls=63 0 
0 5985
0 63
0 5453
cfn=(5472)
calls=1 0 
0 95
0 1
0 682
cfn=(5472)
calls=62 0 
0 5890
0 62
0 252
cob=(6)
cfi=(6)
cfn=(5486)
calls=63 0 
0 5595
0 63
0 441
cob=(6)
cfi=(6)
cfn=(5370)
calls=63 0 
0 1557
0 63
0 1176
cfn=(5472)
calls=1 0 
0 95
0 1
0 36
cfn=(5472)
calls=12 0 
0 1140
0 12
0 52
cob=(6)
cfi=(6)
cfn=(5486)
calls=13 0 
0 1157
0 13
0 91
cob=(6)
cfi=(6)
cfn=(5370)
calls=13 0 
0 287
0 13
0 388

fn=(5488)
0 66
cfn=(5472)
calls=2 0 
0 190
0 2
0 808
cfn=(5472)
calls=101 0 
0 9595
0 101
0 618
cfn=(5472)
calls=103 0 
0 9785
0 103
0 927
cfn=(5472)
calls=103 0 
0 9785
0 103
0 721
cfn=(5472)
calls=103 0 
0 9785
0 103
0 531

fn=(5542)
0 59227
cob=(2)
cfi=(2)
cfn=(4902)
calls=1 0 
0 4821
0 1
0 5
cob=(2)
cfi=(2)
cfn=(4902)
calls=1 0 
0 4821
0 1
0 19746
cfn=(5544)
calls=1410 0 
0 14109038
0 19740
cfn=(5550)
calls=1409 0 
0 21135
cob=(1)
cfi=(1)
cfn=(4273)
calls=1 0 
0 602
0 1414
0 80370
cfn=(5556) fill_buffer
calls=1409 0 
0 1382825
cob=(1)
cfi=(1)
cfn=(4273)
calls=1 0 
0 1580
0 1414
0 49110
cfn=(5562)
calls=1389 0 
0 4107931354
cob=(1)
cfi=(1)
cfn=(4272)
calls=1 0 
0 4095105
0 1394
0 4715418

fn=(5550)
0 34927
cob=(2)
cfi=(2)
cfn=(4644)
calls=1391 0 
0 97725
0 1391
0 23780
cfn=(5748)
calls=1390 0 
0 1594438
cob=(1)
cfi=(1)
cfn=(4273)
calls=1 0 
0 1673
0 1395
0 9737

fn=(5600)
0 1366904
cfn=(5584)
calls=588 0 
0 4795728
0 3332

fn=(5640)
0 55600
cfn=(5646) ResvMaxBits
calls=2779 0 
0 121569
cob=(1)
cfi=(1)
cfn=(4273)
calls=1 0 
0 639
0 2784
0 313778

fn=(5646)
0 121613

fn=(5710)
0 4139414
cfn=(5674)
calls=5102 0 
0 525449
0 743020
cfn=(5674)
calls=74302 0 
0 33328690
0 4855980
cfn=(5674)
calls=511240 0 
0 189757890
0 7057251
cfn=(5674)
calls=82327 0 
0 96197278
0 12847741
cfn=(5674)
calls=232 0 
0 83740
0 549676
cfn=(5674)
calls=38783 0 
0 43606928
0 965785
cfn=(5674)
calls=232 0 
0 449400
0 696

fn=(5732)
0 289441
cob=(1)
cfi=(1)
cfn=(4273)
calls=1 0 
0 653
0 5
0 4
cob=(1)
cfi=(1)
cfn=(4273)
calls=1 0 
0 728
0 5
0 28
cob=(2)
cfi=(2)
cfn=(5796)
calls=14 0 
0 182
0 14
0 732

fn=(5738)
0 187740
cfn=(5740)
calls=5364 0 
0 14739088
0 37548
cfn=(5740)
calls=5364 0 
0 23940012
0 37548
cfn=(5740)
calls=5364 0 
0 40860744
0 48276

fn=(5790) get_lame_short_version
0 2

fn=(5814) lame_close
0 22
cob=(1)
cfi=(1)
cfn=(4273)
calls=1 0 
0 6505
0 5
0 12
cob=(2)
cfi=(2)
cfn=(4698)
calls=1 0 
0 79
0 1
0 2

fn=(4874) lame_init
0 4
cob=(1)
cfi=(1)
cfn=(4273)
calls=1 0 
0 21182
0 5
0 3
cob=(1)
cfi=(1)
cfn=(4273)
calls=1 0 
0 1089
0 5
0 7
cob=(1)
cfi=(1)
cfn=(4273)
calls=1 0 
0 588
0 5
0 37
cob=(2)
cfi=(2)
cfn=(4902)
calls=1 0 
0 30329
0 1
0 19
cob=(2)
cfi=(2)
cfn=(4902)
calls=1 0 
0 3053
0 1
0 6
cob=(2)
cfi=(2)
cfn=(4902)
calls=1 0 
0 388
0 1
0 9

fn=(5124) lame_set_bWriteVbrTag
0 6
cfn=(5094)
calls=1 0 
0 6
0 1
0 10

fn=(5268) lame_set_msfix
0 6
cfn=(5094)
calls=1 0 
0 6
0 1
0 10

fn=(5376) lame_get_exp_nspsytune
0 3
cfn=(5094)
calls=1 0 
0 6
0 1
0 5

fn=(5556)
0 69090
cob=(2)
cfi=(2)
cfn=(4644)
calls=1410 0 
0 640444
0 1410
0 9870
cob=(2)
cfi=(2)
cfn=(4644)
calls=1410 0 
0 640444
0 1410
0 21150

fn=(5584)
0 242991688

fn=(5594)
0 28433176

fn=(5648)
0 1305324

fn=(5650)
0 150120
cfn=(5652)
calls=5560 0 
0 54507345
0 612240

fn=(5668)
0 279848429
cob=(2)
cfi=(2)
cfn=(4988)
calls=210965 0 
0 9949003
0 210965
0 268017118
cfn=(5672)
calls=210965 0 
0 706580902
0 2766924
cfn=(5670)
calls=307436 0 
0 47585544
0 2104953
cfn=(5670)
calls=37191 0 
0 52746540
0 3176656
cfn=(5670)
calls=210965 0 
0 267585052
0 843860

fn=(5676)
0 151852380

fn=(5750)
0 1585771

fn=(5784) flush_bitstream
0 40
cfn=(5732)
calls=1 0 
0 55432
0 31

ob=(1)
fl=(1)
fn=(3096) 0x000000000000a9c0
0 2751
cfn=(886) 0x000000000002a370
calls=167 0 
0 795
0 917
cfn=(886)
calls=203 0 
0 433
0 1841

fn=(3046) 0x000000000000b830
0 16257
cfn=(3066) 0x000000000000ab70
calls=335 0 
0 33313
0 5525

fn=(4274) 0x0000000000013ec0
0 6976
cfn=(3046)
calls=117 0 
0 55095
0 3724
cob=(2)
cfi=(2)
cfn=(3292)
calls=1 0 
0 11
cob=(2)
cfi=(2)
cfn=(3300)
calls=1 0 
0 17
cob=(3)
cfi=(3)
cfn=(3490)
calls=1 0 
0 6
cob=(2)
cfi=(2)
cfn=(3256)
calls=1 0 
0 17
cob=(2)
cfi=(2)
cfn=(3248)
calls=1 0 
0 19
cob=(3)
cfi=(3)
cfn=(3466)
calls=1 0 
0 6
cob=(3)
cfi=(3)
cfn=(3652)
calls=1 0 
0 6
cob=(3)
cfi=(3)
cfn=(3606)
calls=1 0 
0 6
cob=(3)
cfi=(3)
cfn=(3586)
calls=1 0 
0 6
0 27

fn=(3066)
0 25201
cfn=(3096)
calls=336 0 
0 6737
0 1375

fn=(4272)
0 375
cfn=(4274)
calls=23 0 
0 9252
0 225

fn=(4273)
0 2350
cfn=(4274)
calls=94 0 
0 56664
0 1410

fn=(218)
0 17

fn=(0) 0x00000000000215c0
cob=(8)
cfi=(8)
cfn=(4216)
calls=1 0 
0 4138829243

fn=(886)
0 1228

totals: 4138829243
