The Meson build system
Version: 1.9.2
Source dir: /home/me/projects/lame
Build dir: /home/me/projects/lame/build-callgrind-release
Build type: native build
Project name: lame
Project version: 3.101.3
C compiler for the host machine: cc (gcc 15.3.1 "cc (1g4 Linux) 15.3.1 20260612")
C linker for the host machine: cc ld.bfd 2.44.0.20250722
Host machine cpu family: x86_64
Host machine cpu: x86_64
Has header "errno.h" : YES 
Has header "fcntl.h" : YES 
Has header "inttypes.h" : YES 
Has header "limits.h" : YES 
Checking for function "memcpy" : YES 
Has header "stdint.h" : YES 
Checking for function "strchr" : YES 
Has header "unistd.h" : YES 
Configuring config.h using configuration
Library m found: YES
Program python3 found: YES (/usr/bin/python3)
Build targets in project: 2

lame 3.101.3

  User defined options
    buildtype: release

Found ninja-1.9.0 at /usr/bin/ninja
